Archive member included because of file (symbol)

D:\marmalade\5.2\s3e\edk\lib\android\libedk.a(IwDebug.o)
                              debug\s3eAndroidAppirater_platform.os (IwDebugTraceSetTraceChannel)
D:\marmalade\5.2\s3e\edk\lib\android\libedk.a(edk_helpers.o)
                              debug\s3eAndroidAppirater_platform.os (s3eEdkThreadRunOnOS)
C:/android-ndk-r8/toolchains/arm-linux-androideabi-4.4.3/prebuilt/windows/bin/../lib/gcc/arm-linux-androideabi/4.4.3\libgcc.a(_aeabi_ldivmod.o)
                              D:\marmalade\5.2\s3e\edk\lib\android\libedk.a(IwDebug.o) (__aeabi_ldivmod)
C:/android-ndk-r8/toolchains/arm-linux-androideabi-4.4.3/prebuilt/windows/bin/../lib/gcc/arm-linux-androideabi/4.4.3\libgcc.a(bpabi.o)
                              C:/android-ndk-r8/toolchains/arm-linux-androideabi-4.4.3/prebuilt/windows/bin/../lib/gcc/arm-linux-androideabi/4.4.3\libgcc.a(_aeabi_ldivmod.o) (__gnu_ldivmod_helper)
C:/android-ndk-r8/toolchains/arm-linux-androideabi-4.4.3/prebuilt/windows/bin/../lib/gcc/arm-linux-androideabi/4.4.3\libgcc.a(unwind-arm.o)
                              D:\marmalade\5.2\s3e\edk\lib\android\libedk.a(IwDebug.o) (__aeabi_unwind_cpp_pr0)
C:/android-ndk-r8/toolchains/arm-linux-androideabi-4.4.3/prebuilt/windows/bin/../lib/gcc/arm-linux-androideabi/4.4.3\libgcc.a(libunwind.o)
                              C:/android-ndk-r8/toolchains/arm-linux-androideabi-4.4.3/prebuilt/windows/bin/../lib/gcc/arm-linux-androideabi/4.4.3\libgcc.a(unwind-arm.o) (restore_core_regs)
C:/android-ndk-r8/toolchains/arm-linux-androideabi-4.4.3/prebuilt/windows/bin/../lib/gcc/arm-linux-androideabi/4.4.3\libgcc.a(pr-support.o)
                              C:/android-ndk-r8/toolchains/arm-linux-androideabi-4.4.3/prebuilt/windows/bin/../lib/gcc/arm-linux-androideabi/4.4.3\libgcc.a(unwind-arm.o) (__gnu_unwind_execute)
C:/android-ndk-r8/toolchains/arm-linux-androideabi-4.4.3/prebuilt/windows/bin/../lib/gcc/arm-linux-androideabi/4.4.3\libgcc.a(_divdi3.o)
                              C:/android-ndk-r8/toolchains/arm-linux-androideabi-4.4.3/prebuilt/windows/bin/../lib/gcc/arm-linux-androideabi/4.4.3\libgcc.a(bpabi.o) (__divdi3)
C:/android-ndk-r8/toolchains/arm-linux-androideabi-4.4.3/prebuilt/windows/bin/../lib/gcc/arm-linux-androideabi/4.4.3\libgcc.a(_udivdi3.o)
                              C:/android-ndk-r8/toolchains/arm-linux-androideabi-4.4.3/prebuilt/windows/bin/../lib/gcc/arm-linux-androideabi/4.4.3\libgcc.a(bpabi.o) (__udivdi3)
C:/android-ndk-r8/toolchains/arm-linux-androideabi-4.4.3/prebuilt/windows/bin/../lib/gcc/arm-linux-androideabi/4.4.3\libgcc.a(_udivsi3.o)
                              C:/android-ndk-r8/toolchains/arm-linux-androideabi-4.4.3/prebuilt/windows/bin/../lib/gcc/arm-linux-androideabi/4.4.3\libgcc.a(_divdi3.o) (__aeabi_uidiv)
C:/android-ndk-r8/toolchains/arm-linux-androideabi-4.4.3/prebuilt/windows/bin/../lib/gcc/arm-linux-androideabi/4.4.3\libgcc.a(_dvmd_lnx.o)
                              C:/android-ndk-r8/toolchains/arm-linux-androideabi-4.4.3/prebuilt/windows/bin/../lib/gcc/arm-linux-androideabi/4.4.3\libgcc.a(_udivsi3.o) (__div0)

Discarded input sections

 _ZN7_JNIEnv9FindClassEPKc
                0x00000000        0x0 debug\s3eAndroidAppirater_platform.os
 _ZN7_JNIEnv17ExceptionOccurredEv
                0x00000000        0x0 debug\s3eAndroidAppirater_platform.os
 _ZN7_JNIEnv17ExceptionDescribeEv
                0x00000000        0x0 debug\s3eAndroidAppirater_platform.os
 _ZN7_JNIEnv14ExceptionClearEv
                0x00000000        0x0 debug\s3eAndroidAppirater_platform.os
 _ZN7_JNIEnv12NewGlobalRefEP8_jobject
                0x00000000        0x0 debug\s3eAndroidAppirater_platform.os
 _ZN7_JNIEnv15DeleteGlobalRefEP8_jobject
                0x00000000        0x0 debug\s3eAndroidAppirater_platform.os
 _ZN7_JNIEnv14DeleteLocalRefEP8_jobject
                0x00000000        0x0 debug\s3eAndroidAppirater_platform.os
 _ZN7_JNIEnv9NewObjectEP7_jclassP10_jmethodIDz
                0x00000000        0x0 debug\s3eAndroidAppirater_platform.os
 _ZN7_JNIEnv11GetMethodIDEP7_jclassPKcS3_
                0x00000000        0x0 debug\s3eAndroidAppirater_platform.os
 _ZN7_JNIEnv13CallIntMethodEP8_jobjectP10_jmethodIDz
                0x00000000        0x0 debug\s3eAndroidAppirater_platform.os
 _ZN7_JNIEnv12NewStringUTFEPKc
                0x00000000        0x0 debug\s3eAndroidAppirater_platform.os
 _ZN7_JavaVM6GetEnvEPPvi
                0x00000000        0x0 debug\s3eAndroidAppirater_platform.os
 .text          0x00000000        0x0 debug\s3eAndroidAppirater_platform.os
 .data          0x00000000        0x0 debug\s3eAndroidAppirater_platform.os
 .note.GNU-stack
                0x00000000        0x0 debug\s3eAndroidAppirater_platform.os
 .text          0x00000000        0x0 debug\s3eAndroidAppirater.os
 .data          0x00000000        0x0 debug\s3eAndroidAppirater.os
 .bss           0x00000000        0x0 debug\s3eAndroidAppirater.os
 .note.GNU-stack
                0x00000000        0x0 debug\s3eAndroidAppirater.os
 .text          0x00000000        0x0 debug\s3eAndroidAppirater_register.os
 .data          0x00000000        0x0 debug\s3eAndroidAppirater_register.os
 .bss           0x00000000        0x0 debug\s3eAndroidAppirater_register.os
 .note.GNU-stack
                0x00000000        0x0 debug\s3eAndroidAppirater_register.os
 .text          0x00000000        0x0 D:\marmalade\5.2\s3e\edk\lib\android\libedk.a(IwDebug.o)
 .data          0x00000000        0x0 D:\marmalade\5.2\s3e\edk\lib\android\libedk.a(IwDebug.o)
 .text.IwAssertRegisterTextCallback
                0x00000000        0x0 D:\marmalade\5.2\s3e\edk\lib\android\libedk.a(IwDebug.o)
 .ARM.extab.text.IwAssertRegisterTextCallback
                0x00000000        0x0 D:\marmalade\5.2\s3e\edk\lib\android\libedk.a(IwDebug.o)
 .ARM.exidx.text.IwAssertRegisterTextCallback
                0x00000000        0x0 D:\marmalade\5.2\s3e\edk\lib\android\libedk.a(IwDebug.o)
 .text.IwAssertRegisterCallback
                0x00000000        0x0 D:\marmalade\5.2\s3e\edk\lib\android\libedk.a(IwDebug.o)
 .ARM.extab.text.IwAssertRegisterCallback
                0x00000000        0x0 D:\marmalade\5.2\s3e\edk\lib\android\libedk.a(IwDebug.o)
 .ARM.exidx.text.IwAssertRegisterCallback
                0x00000000        0x0 D:\marmalade\5.2\s3e\edk\lib\android\libedk.a(IwDebug.o)
 .ARM.extab.text.IwDebugTraceSetTraceChannel
                0x00000000        0x0 D:\marmalade\5.2\s3e\edk\lib\android\libedk.a(IwDebug.o)
 .text.IwDebugErrorRegisterCallback
                0x00000000        0x0 D:\marmalade\5.2\s3e\edk\lib\android\libedk.a(IwDebug.o)
 .ARM.extab.text.IwDebugErrorRegisterCallback
                0x00000000        0x0 D:\marmalade\5.2\s3e\edk\lib\android\libedk.a(IwDebug.o)
 .ARM.exidx.text.IwDebugErrorRegisterCallback
                0x00000000        0x0 D:\marmalade\5.2\s3e\edk\lib\android\libedk.a(IwDebug.o)
 .text.IwDebugAssertSetUID
                0x00000000        0x0 D:\marmalade\5.2\s3e\edk\lib\android\libedk.a(IwDebug.o)
 .ARM.extab.text.IwDebugAssertSetUID
                0x00000000        0x0 D:\marmalade\5.2\s3e\edk\lib\android\libedk.a(IwDebug.o)
 .ARM.exidx.text.IwDebugAssertSetUID
                0x00000000        0x0 D:\marmalade\5.2\s3e\edk\lib\android\libedk.a(IwDebug.o)
 .ARM.extab.text._GLOBAL__I_g_DebugGlobals
                0x00000000        0x0 D:\marmalade\5.2\s3e\edk\lib\android\libedk.a(IwDebug.o)
 .text.IwDebugClearConfigCache
                0x00000000        0x0 D:\marmalade\5.2\s3e\edk\lib\android\libedk.a(IwDebug.o)
 .ARM.extab.text.IwDebugClearConfigCache
                0x00000000        0x0 D:\marmalade\5.2\s3e\edk\lib\android\libedk.a(IwDebug.o)
 .ARM.exidx.text.IwDebugClearConfigCache
                0x00000000        0x0 D:\marmalade\5.2\s3e\edk\lib\android\libedk.a(IwDebug.o)
 .text.IwDebugErrorShow
                0x00000000        0x0 D:\marmalade\5.2\s3e\edk\lib\android\libedk.a(IwDebug.o)
 .ARM.extab.text.IwDebugErrorShow
                0x00000000        0x0 D:\marmalade\5.2\s3e\edk\lib\android\libedk.a(IwDebug.o)
 .ARM.exidx.text.IwDebugErrorShow
                0x00000000        0x0 D:\marmalade\5.2\s3e\edk\lib\android\libedk.a(IwDebug.o)
 .ARM.extab.text.IwDebugTraceIsChannelOn
                0x00000000        0x0 D:\marmalade\5.2\s3e\edk\lib\android\libedk.a(IwDebug.o)
 .text.IwDebugAssertIsChannelOn
                0x00000000        0x0 D:\marmalade\5.2\s3e\edk\lib\android\libedk.a(IwDebug.o)
 .ARM.extab.text.IwDebugAssertIsChannelOn
                0x00000000        0x0 D:\marmalade\5.2\s3e\edk\lib\android\libedk.a(IwDebug.o)
 .ARM.exidx.text.IwDebugAssertIsChannelOn
                0x00000000        0x0 D:\marmalade\5.2\s3e\edk\lib\android\libedk.a(IwDebug.o)
 .text.IwDebugTraceDisable
                0x00000000        0x0 D:\marmalade\5.2\s3e\edk\lib\android\libedk.a(IwDebug.o)
 .ARM.extab.text.IwDebugTraceDisable
                0x00000000        0x0 D:\marmalade\5.2\s3e\edk\lib\android\libedk.a(IwDebug.o)
 .ARM.exidx.text.IwDebugTraceDisable
                0x00000000        0x0 D:\marmalade\5.2\s3e\edk\lib\android\libedk.a(IwDebug.o)
 .text.IwDebugAssertSetMessage
                0x00000000        0x0 D:\marmalade\5.2\s3e\edk\lib\android\libedk.a(IwDebug.o)
 .ARM.extab.text.IwDebugAssertSetMessage
                0x00000000        0x0 D:\marmalade\5.2\s3e\edk\lib\android\libedk.a(IwDebug.o)
 .ARM.exidx.text.IwDebugAssertSetMessage
                0x00000000        0x0 D:\marmalade\5.2\s3e\edk\lib\android\libedk.a(IwDebug.o)
 .text.IwDebugAssertSetSolution
                0x00000000        0x0 D:\marmalade\5.2\s3e\edk\lib\android\libedk.a(IwDebug.o)
 .ARM.extab.text.IwDebugAssertSetSolution
                0x00000000        0x0 D:\marmalade\5.2\s3e\edk\lib\android\libedk.a(IwDebug.o)
 .ARM.exidx.text.IwDebugAssertSetSolution
                0x00000000        0x0 D:\marmalade\5.2\s3e\edk\lib\android\libedk.a(IwDebug.o)
 .text.IwDebugAssertShow
                0x00000000        0x0 D:\marmalade\5.2\s3e\edk\lib\android\libedk.a(IwDebug.o)
 .ARM.extab.text.IwDebugAssertShow
                0x00000000        0x0 D:\marmalade\5.2\s3e\edk\lib\android\libedk.a(IwDebug.o)
 .ARM.exidx.text.IwDebugAssertShow
                0x00000000        0x0 D:\marmalade\5.2\s3e\edk\lib\android\libedk.a(IwDebug.o)
 .text.IwDebugTraceChannelSwitch
                0x00000000        0x0 D:\marmalade\5.2\s3e\edk\lib\android\libedk.a(IwDebug.o)
 .ARM.extab.text.IwDebugTraceChannelSwitch
                0x00000000        0x0 D:\marmalade\5.2\s3e\edk\lib\android\libedk.a(IwDebug.o)
 .ARM.exidx.text.IwDebugTraceChannelSwitch
                0x00000000        0x0 D:\marmalade\5.2\s3e\edk\lib\android\libedk.a(IwDebug.o)
 .note.GNU-stack
                0x00000000        0x0 D:\marmalade\5.2\s3e\edk\lib\android\libedk.a(IwDebug.o)
 .text          0x00000000        0x0 D:\marmalade\5.2\s3e\edk\lib\android\libedk.a(edk_helpers.o)
 .data          0x00000000        0x0 D:\marmalade\5.2\s3e\edk\lib\android\libedk.a(edk_helpers.o)
 .bss           0x00000000        0x0 D:\marmalade\5.2\s3e\edk\lib\android\libedk.a(edk_helpers.o)
 .text.s3eEdkThreadRunOnOSAsync
                0x00000000        0x0 D:\marmalade\5.2\s3e\edk\lib\android\libedk.a(edk_helpers.o)
 .ARM.extab.text.s3eEdkThreadRunOnOSAsync
                0x00000000        0x0 D:\marmalade\5.2\s3e\edk\lib\android\libedk.a(edk_helpers.o)
 .ARM.exidx.text.s3eEdkThreadRunOnOSAsync
                0x00000000        0x0 D:\marmalade\5.2\s3e\edk\lib\android\libedk.a(edk_helpers.o)
 .text.s3eEdkErrorSetString
                0x00000000        0x0 D:\marmalade\5.2\s3e\edk\lib\android\libedk.a(edk_helpers.o)
 .ARM.extab.text.s3eEdkErrorSetString
                0x00000000        0x0 D:\marmalade\5.2\s3e\edk\lib\android\libedk.a(edk_helpers.o)
 .ARM.exidx.text.s3eEdkErrorSetString
                0x00000000        0x0 D:\marmalade\5.2\s3e\edk\lib\android\libedk.a(edk_helpers.o)
 .note.GNU-stack
                0x00000000        0x0 D:\marmalade\5.2\s3e\edk\lib\android\libedk.a(edk_helpers.o)
 .data          0x00000000        0x0 C:/android-ndk-r8/toolchains/arm-linux-androideabi-4.4.3/prebuilt/windows/bin/../lib/gcc/arm-linux-androideabi/4.4.3\libgcc.a(_aeabi_ldivmod.o)
 .bss           0x00000000        0x0 C:/android-ndk-r8/toolchains/arm-linux-androideabi-4.4.3/prebuilt/windows/bin/../lib/gcc/arm-linux-androideabi/4.4.3\libgcc.a(_aeabi_ldivmod.o)
 .note.GNU-stack
                0x00000000        0x0 C:/android-ndk-r8/toolchains/arm-linux-androideabi-4.4.3/prebuilt/windows/bin/../lib/gcc/arm-linux-androideabi/4.4.3\libgcc.a(_aeabi_ldivmod.o)
 .data          0x00000000        0x0 C:/android-ndk-r8/toolchains/arm-linux-androideabi-4.4.3/prebuilt/windows/bin/../lib/gcc/arm-linux-androideabi/4.4.3\libgcc.a(bpabi.o)
 .bss           0x00000000        0x0 C:/android-ndk-r8/toolchains/arm-linux-androideabi-4.4.3/prebuilt/windows/bin/../lib/gcc/arm-linux-androideabi/4.4.3\libgcc.a(bpabi.o)
 .ARM.extab     0x00000000        0x0 C:/android-ndk-r8/toolchains/arm-linux-androideabi-4.4.3/prebuilt/windows/bin/../lib/gcc/arm-linux-androideabi/4.4.3\libgcc.a(bpabi.o)
 .note.GNU-stack
                0x00000000        0x0 C:/android-ndk-r8/toolchains/arm-linux-androideabi-4.4.3/prebuilt/windows/bin/../lib/gcc/arm-linux-androideabi/4.4.3\libgcc.a(bpabi.o)
 .data          0x00000000        0x0 C:/android-ndk-r8/toolchains/arm-linux-androideabi-4.4.3/prebuilt/windows/bin/../lib/gcc/arm-linux-androideabi/4.4.3\libgcc.a(unwind-arm.o)
 .bss           0x00000000        0x0 C:/android-ndk-r8/toolchains/arm-linux-androideabi-4.4.3/prebuilt/windows/bin/../lib/gcc/arm-linux-androideabi/4.4.3\libgcc.a(unwind-arm.o)
 .note.GNU-stack
                0x00000000        0x0 C:/android-ndk-r8/toolchains/arm-linux-androideabi-4.4.3/prebuilt/windows/bin/../lib/gcc/arm-linux-androideabi/4.4.3\libgcc.a(unwind-arm.o)
 .data          0x00000000        0x0 C:/android-ndk-r8/toolchains/arm-linux-androideabi-4.4.3/prebuilt/windows/bin/../lib/gcc/arm-linux-androideabi/4.4.3\libgcc.a(libunwind.o)
 .bss           0x00000000        0x0 C:/android-ndk-r8/toolchains/arm-linux-androideabi-4.4.3/prebuilt/windows/bin/../lib/gcc/arm-linux-androideabi/4.4.3\libgcc.a(libunwind.o)
 .note.GNU-stack
                0x00000000        0x0 C:/android-ndk-r8/toolchains/arm-linux-androideabi-4.4.3/prebuilt/windows/bin/../lib/gcc/arm-linux-androideabi/4.4.3\libgcc.a(libunwind.o)
 .data          0x00000000        0x0 C:/android-ndk-r8/toolchains/arm-linux-androideabi-4.4.3/prebuilt/windows/bin/../lib/gcc/arm-linux-androideabi/4.4.3\libgcc.a(pr-support.o)
 .bss           0x00000000        0x0 C:/android-ndk-r8/toolchains/arm-linux-androideabi-4.4.3/prebuilt/windows/bin/../lib/gcc/arm-linux-androideabi/4.4.3\libgcc.a(pr-support.o)
 .ARM.extab     0x00000000        0x0 C:/android-ndk-r8/toolchains/arm-linux-androideabi-4.4.3/prebuilt/windows/bin/../lib/gcc/arm-linux-androideabi/4.4.3\libgcc.a(pr-support.o)
 .note.GNU-stack
                0x00000000        0x0 C:/android-ndk-r8/toolchains/arm-linux-androideabi-4.4.3/prebuilt/windows/bin/../lib/gcc/arm-linux-androideabi/4.4.3\libgcc.a(pr-support.o)
 .data          0x00000000        0x0 C:/android-ndk-r8/toolchains/arm-linux-androideabi-4.4.3/prebuilt/windows/bin/../lib/gcc/arm-linux-androideabi/4.4.3\libgcc.a(_divdi3.o)
 .bss           0x00000000        0x0 C:/android-ndk-r8/toolchains/arm-linux-androideabi-4.4.3/prebuilt/windows/bin/../lib/gcc/arm-linux-androideabi/4.4.3\libgcc.a(_divdi3.o)
 .ARM.extab     0x00000000        0x0 C:/android-ndk-r8/toolchains/arm-linux-androideabi-4.4.3/prebuilt/windows/bin/../lib/gcc/arm-linux-androideabi/4.4.3\libgcc.a(_divdi3.o)
 .note.GNU-stack
                0x00000000        0x0 C:/android-ndk-r8/toolchains/arm-linux-androideabi-4.4.3/prebuilt/windows/bin/../lib/gcc/arm-linux-androideabi/4.4.3\libgcc.a(_divdi3.o)
 .data          0x00000000        0x0 C:/android-ndk-r8/toolchains/arm-linux-androideabi-4.4.3/prebuilt/windows/bin/../lib/gcc/arm-linux-androideabi/4.4.3\libgcc.a(_udivdi3.o)
 .bss           0x00000000        0x0 C:/android-ndk-r8/toolchains/arm-linux-androideabi-4.4.3/prebuilt/windows/bin/../lib/gcc/arm-linux-androideabi/4.4.3\libgcc.a(_udivdi3.o)
 .ARM.extab     0x00000000        0x0 C:/android-ndk-r8/toolchains/arm-linux-androideabi-4.4.3/prebuilt/windows/bin/../lib/gcc/arm-linux-androideabi/4.4.3\libgcc.a(_udivdi3.o)
 .note.GNU-stack
                0x00000000        0x0 C:/android-ndk-r8/toolchains/arm-linux-androideabi-4.4.3/prebuilt/windows/bin/../lib/gcc/arm-linux-androideabi/4.4.3\libgcc.a(_udivdi3.o)
 .data          0x00000000        0x0 C:/android-ndk-r8/toolchains/arm-linux-androideabi-4.4.3/prebuilt/windows/bin/../lib/gcc/arm-linux-androideabi/4.4.3\libgcc.a(_udivsi3.o)
 .bss           0x00000000        0x0 C:/android-ndk-r8/toolchains/arm-linux-androideabi-4.4.3/prebuilt/windows/bin/../lib/gcc/arm-linux-androideabi/4.4.3\libgcc.a(_udivsi3.o)
 .note.GNU-stack
                0x00000000        0x0 C:/android-ndk-r8/toolchains/arm-linux-androideabi-4.4.3/prebuilt/windows/bin/../lib/gcc/arm-linux-androideabi/4.4.3\libgcc.a(_udivsi3.o)
 .data          0x00000000        0x0 C:/android-ndk-r8/toolchains/arm-linux-androideabi-4.4.3/prebuilt/windows/bin/../lib/gcc/arm-linux-androideabi/4.4.3\libgcc.a(_dvmd_lnx.o)
 .bss           0x00000000        0x0 C:/android-ndk-r8/toolchains/arm-linux-androideabi-4.4.3/prebuilt/windows/bin/../lib/gcc/arm-linux-androideabi/4.4.3\libgcc.a(_dvmd_lnx.o)
 .note.GNU-stack
                0x00000000        0x0 C:/android-ndk-r8/toolchains/arm-linux-androideabi-4.4.3/prebuilt/windows/bin/../lib/gcc/arm-linux-androideabi/4.4.3\libgcc.a(_dvmd_lnx.o)

Memory Configuration

Name             Origin             Length             Attributes
*default*        0x00000000         0xffffffff

Linker script and memory map

LOAD debug\s3eAndroidAppirater_platform.os
LOAD debug\s3eAndroidAppirater.os
LOAD debug\s3eAndroidAppirater_register.os
LOAD D:\marmalade\5.2\s3e\edk\lib\android\libedk.a
LOAD D:\marmalade\5.2\s3e\edk\lib\android/libplaceholderplaceholderplaceholderplaceholderplaceholder.so
LOAD C:\android-ndk-r8\platforms\android-9\arch-arm\usr\lib/libc.so
LOAD C:\android-ndk-r8\platforms\android-9\arch-arm\usr\lib/libm.so
LOAD C:\android-ndk-r8\platforms\android-9\arch-arm\usr\lib/liblog.so
LOAD C:\android-ndk-r8\platforms\android-9\arch-arm\usr\lib/libstdc++.so
LOAD C:/android-ndk-r8/toolchains/arm-linux-androideabi-4.4.3/prebuilt/windows/bin/../lib/gcc/arm-linux-androideabi/4.4.3\libgcc.a
                0x000000d4                . = (0x0 + SIZEOF_HEADERS)

.note.gnu.build-id
 *(.note.gnu.build-id)

.hash           0x000000d4      0x28c
 *(.hash)
 .hash          0x000000d4      0x28c debug\s3eAndroidAppirater_platform.os

.gnu.hash
 *(.gnu.hash)

.dynsym         0x00000360      0x5e0
 *(.dynsym)
 .dynsym        0x00000360      0x5e0 debug\s3eAndroidAppirater_platform.os

.dynstr         0x00000940      0x604
 *(.dynstr)
 .dynstr        0x00000940      0x604 debug\s3eAndroidAppirater_platform.os

.gnu.version    0x00000f44        0x0
 *(.gnu.version)
 .gnu.version   0x00000000        0x0 debug\s3eAndroidAppirater_platform.os

.gnu.version_d  0x00000f44        0x0
 *(.gnu.version_d)
 .gnu.version_d
                0x00000000        0x0 debug\s3eAndroidAppirater_platform.os

.gnu.version_r  0x00000f44        0x0
 *(.gnu.version_r)
 .gnu.version_r
                0x00000000        0x0 debug\s3eAndroidAppirater_platform.os

.rel.dyn        0x00000f44       0xa0
 *(.rel.init)
 *(.rel.text .rel.text.* .rel.gnu.linkonce.t.*)
 .rel.text.IwAssertRegisterTextCallback
                0x00000000        0x0 debug\s3eAndroidAppirater_platform.os
 .rel.text.IwAssertRegisterCallback
                0x00000000        0x0 debug\s3eAndroidAppirater_platform.os
 .rel.text.IwDebugTraceSetTraceChannel
                0x00000f44        0x8 debug\s3eAndroidAppirater_platform.os
 .rel.text.IwDebugErrorRegisterCallback
                0x00000000        0x0 debug\s3eAndroidAppirater_platform.os
 .rel.text.IwDebugAssertSetUID
                0x00000000        0x0 debug\s3eAndroidAppirater_platform.os
 .rel.text._GLOBAL__I_g_DebugGlobals
                0x00000f4c        0x8 debug\s3eAndroidAppirater_platform.os
 .rel.text.IwDebugClearConfigCache
                0x00000000        0x0 debug\s3eAndroidAppirater_platform.os
 .rel.text.IwDebugErrorShow
                0x00000000        0x0 debug\s3eAndroidAppirater_platform.os
 .rel.text.IwDebugTraceLineVPrintf
                0x00000f54       0x20 debug\s3eAndroidAppirater_platform.os
 .rel.text.IwDebugTraceIsChannelOn
                0x00000f74       0x18 debug\s3eAndroidAppirater_platform.os
 .rel.text.IwDebugAssertIsChannelOn
                0x00000000        0x0 debug\s3eAndroidAppirater_platform.os
 .rel.text.IwDebugAssertSetMessage
                0x00000000        0x0 debug\s3eAndroidAppirater_platform.os
 .rel.text.IwDebugAssertSetSolution
                0x00000000        0x0 debug\s3eAndroidAppirater_platform.os
 .rel.text.IwDebugAssertShow
                0x00000000        0x0 debug\s3eAndroidAppirater_platform.os
 .rel.text.IwDebugTraceChannelSwitch
                0x00000000        0x0 debug\s3eAndroidAppirater_platform.os
 *(.rel.fini)
 *(.rel.rodata .rel.rodata.* .rel.gnu.linkonce.r.*)
 *(.rel.data.rel.ro* .rel.gnu.linkonce.d.rel.ro.*)
 *(.rel.data .rel.data.* .rel.gnu.linkonce.d.*)
 *(.rel.tdata .rel.tdata.* .rel.gnu.linkonce.td.*)
 *(.rel.tbss .rel.tbss.* .rel.gnu.linkonce.tb.*)
 *(.rel.ctors)
 *(.rel.dtors)
 *(.rel.got)
 .rel.got       0x00000f8c       0x50 debug\s3eAndroidAppirater_platform.os
 *(.rel.bss .rel.bss.* .rel.gnu.linkonce.b.*)
 .rel.init_array
                0x00000fdc        0x8 debug\s3eAndroidAppirater_platform.os

.rela.dyn
 *(.rela.init)
 *(.rela.text .rela.text.* .rela.gnu.linkonce.t.*)
 *(.rela.fini)
 *(.rela.rodata .rela.rodata.* .rela.gnu.linkonce.r.*)
 *(.rela.data .rela.data.* .rela.gnu.linkonce.d.*)
 *(.rela.tdata .rela.tdata.* .rela.gnu.linkonce.td.*)
 *(.rela.tbss .rela.tbss.* .rela.gnu.linkonce.tb.*)
 *(.rela.ctors)
 *(.rela.dtors)
 *(.rela.got)
 *(.rela.bss .rela.bss.* .rela.gnu.linkonce.b.*)

.rel.plt        0x00000fe4       0x98
 *(.rel.plt)
 .rel.plt       0x00000fe4       0x98 debug\s3eAndroidAppirater_platform.os

.rela.plt
 *(.rela.plt)

.init
 *(.init)

.plt            0x0000107c       0xf8
 *(.plt)
 .plt           0x0000107c       0xf8 debug\s3eAndroidAppirater_platform.os

.text           0x00001174     0x2c40
 *(.text .stub .text.* .gnu.linkonce.t.*)
 .text._ZN7_JNIEnv9FindClassEPKc
                0x00001174       0x40 debug\s3eAndroidAppirater_platform.os
                0x00001174                _JNIEnv::FindClass(char const*)
 .text._ZN7_JNIEnv17ExceptionOccurredEv
                0x000011b4       0x38 debug\s3eAndroidAppirater_platform.os
                0x000011b4                _JNIEnv::ExceptionOccurred()
 .text._ZN7_JNIEnv17ExceptionDescribeEv
                0x000011ec       0x30 debug\s3eAndroidAppirater_platform.os
                0x000011ec                _JNIEnv::ExceptionDescribe()
 .text._ZN7_JNIEnv14ExceptionClearEv
                0x0000121c       0x30 debug\s3eAndroidAppirater_platform.os
                0x0000121c                _JNIEnv::ExceptionClear()
 .text._ZN7_JNIEnv12NewGlobalRefEP8_jobject
                0x0000124c       0x40 debug\s3eAndroidAppirater_platform.os
                0x0000124c                _JNIEnv::NewGlobalRef(_jobject*)
 .text._ZN7_JNIEnv15DeleteGlobalRefEP8_jobject
                0x0000128c       0x38 debug\s3eAndroidAppirater_platform.os
                0x0000128c                _JNIEnv::DeleteGlobalRef(_jobject*)
 .text._ZN7_JNIEnv14DeleteLocalRefEP8_jobject
                0x000012c4       0x38 debug\s3eAndroidAppirater_platform.os
                0x000012c4                _JNIEnv::DeleteLocalRef(_jobject*)
 .text._ZN7_JNIEnv9NewObjectEP7_jclassP10_jmethodIDz
                0x000012fc       0x60 debug\s3eAndroidAppirater_platform.os
                0x000012fc                _JNIEnv::NewObject(_jclass*, _jmethodID*, ...)
 .text._ZN7_JNIEnv11GetMethodIDEP7_jclassPKcS3_
                0x0000135c       0x50 debug\s3eAndroidAppirater_platform.os
                0x0000135c                _JNIEnv::GetMethodID(_jclass*, char const*, char const*)
 .text._ZN7_JNIEnv13CallIntMethodEP8_jobjectP10_jmethodIDz
                0x000013ac       0x60 debug\s3eAndroidAppirater_platform.os
                0x000013ac                _JNIEnv::CallIntMethod(_jobject*, _jmethodID*, ...)
 .text._ZN7_JNIEnv12NewStringUTFEPKc
                0x0000140c       0x40 debug\s3eAndroidAppirater_platform.os
                0x0000140c                _JNIEnv::NewStringUTF(char const*)
 .text._ZN7_JavaVM6GetEnvEPPvi
                0x0000144c       0x48 debug\s3eAndroidAppirater_platform.os
                0x0000144c                _JavaVM::GetEnv(void**, int)
 .text._ZL15s3eEdkJNIGetEnvv
                0x00001494       0x48 debug\s3eAndroidAppirater_platform.os
 .text._ZL27s3eEdkAndroidFindClass_realPKc
                0x000014dc       0x7c debug\s3eAndroidAppirater_platform.os
 .text._ZL22s3eEdkAndroidFindClassPKc
                0x00001558       0x3c debug\s3eAndroidAppirater_platform.os
 .text._Z32s3eAndroidAppiraterInit_platformv
                0x00001594      0x258 debug\s3eAndroidAppirater_platform.os
                0x00001594                s3eAndroidAppiraterInit_platform()
 .text._Z37s3eAndroidAppiraterTerminate_platformv
                0x000017ec        0x4 debug\s3eAndroidAppirater_platform.os
                0x000017ec                s3eAndroidAppiraterTerminate_platform()
 .text._Z22AppiraterInit_platformPKcS0_ii
                0x000017f0       0xac debug\s3eAndroidAppirater_platform.os
                0x000017f0                AppiraterInit_platform(char const*, char const*, int, int)
 .text._Z23s3eAndroidAppiraterInitv
                0x0000189c       0x18 debug\s3eAndroidAppirater.os
                0x0000189c                s3eAndroidAppiraterInit()
 .text._Z28s3eAndroidAppiraterTerminatev
                0x000018b4       0x10 debug\s3eAndroidAppirater.os
                0x000018b4                s3eAndroidAppiraterTerminate()
 .text.AppiraterInit
                0x000018c4       0x40 debug\s3eAndroidAppirater.os
                0x000018c4                AppiraterInit
 .text._ZL18AppiraterInit_wrapPKcS0_ii
                0x00001904       0xc4 debug\s3eAndroidAppirater_register.os
 .text._Z30s3eAndroidAppiraterRegisterExtv
                0x000019c8       0x88 debug\s3eAndroidAppirater_register.os
                0x000019c8                s3eAndroidAppiraterRegisterExt()
 .text.RegisterExt
                0x00001a50       0x10 debug\s3eAndroidAppirater_register.os
                0x00001a50                RegisterExt
 .text.IwDebugTraceSetTraceChannel
                0x00001a60       0x18 D:\marmalade\5.2\s3e\edk\lib\android\libedk.a(IwDebug.o)
                0x00001a60                IwDebugTraceSetTraceChannel
 .text._GLOBAL__I_g_DebugGlobals
                0x00001a78       0x8c D:\marmalade\5.2\s3e\edk\lib\android\libedk.a(IwDebug.o)
 .text.IwDebugTraceLineVPrintf
                0x00001b04       0xe8 D:\marmalade\5.2\s3e\edk\lib\android\libedk.a(IwDebug.o)
                0x00001b04                IwDebugTraceLineVPrintf
 .text.IwDebugTraceLinePrintf
                0x00001bec       0x30 D:\marmalade\5.2\s3e\edk\lib\android\libedk.a(IwDebug.o)
                0x00001bec                IwDebugTraceLinePrintf
 .text.IwDebugTraceIsChannelOn
                0x00001c1c      0x278 D:\marmalade\5.2\s3e\edk\lib\android\libedk.a(IwDebug.o)
                0x00001c1c                IwDebugTraceIsChannelOn
 .text.s3eEdkThreadRunOnOS
                0x00001e94       0x30 D:\marmalade\5.2\s3e\edk\lib\android\libedk.a(edk_helpers.o)
                0x00001e94                s3eEdkThreadRunOnOS
 .text          0x00001ec4       0x1c C:/android-ndk-r8/toolchains/arm-linux-androideabi-4.4.3/prebuilt/windows/bin/../lib/gcc/arm-linux-androideabi/4.4.3\libgcc.a(_aeabi_ldivmod.o)
                0x00001ec4                __aeabi_ldivmod
 .text          0x00001ee0       0x88 C:/android-ndk-r8/toolchains/arm-linux-androideabi-4.4.3/prebuilt/windows/bin/../lib/gcc/arm-linux-androideabi/4.4.3\libgcc.a(bpabi.o)
                0x00001ee0                __gnu_uldivmod_helper
                0x00001f24                __gnu_ldivmod_helper
 .text          0x00001f68      0xec4 C:/android-ndk-r8/toolchains/arm-linux-androideabi-4.4.3/prebuilt/windows/bin/../lib/gcc/arm-linux-androideabi/4.4.3\libgcc.a(unwind-arm.o)
                0x00002990                __gnu_Unwind_RaiseException
                0x000024e8                __aeabi_unwind_cpp_pr0
                0x00002018                _Unwind_GetCFA
                0x00001fb4                _Unwind_VRS_Set
                0x0000272c                __gnu_Unwind_Backtrace
                0x00002ac0                _Unwind_VRS_Pop
                0x000024d8                __aeabi_unwind_cpp_pr2
                0x00002024                _Unwind_DeleteException
                0x00002020                _Unwind_Complete
                0x00002a54                __gnu_Unwind_Resume
                0x0000291c                __gnu_Unwind_ForcedUnwind
                0x00002a34                __gnu_Unwind_Resume_or_Rethrow
                0x00001f68                _Unwind_VRS_Get
                0x000024e0                __aeabi_unwind_cpp_pr1
 .text          0x00002e2c      0x1a8 C:/android-ndk-r8/toolchains/arm-linux-androideabi-4.4.3/prebuilt/windows/bin/../lib/gcc/arm-linux-androideabi/4.4.3\libgcc.a(libunwind.o)
                0x00002f8c                ___Unwind_ForcedUnwind
                0x00002e48                __gnu_Unwind_Save_VFP
                0x00002f68                _Unwind_Resume_or_Rethrow
                0x00002f68                ___Unwind_Resume_or_Rethrow
                0x00002fb0                _Unwind_Backtrace
                0x00002e2c                __restore_core_regs
                0x00002e68                __gnu_Unwind_Save_VFP_D_16_to_31
                0x00002e58                __gnu_Unwind_Save_VFP_D
                0x00002fb0                ___Unwind_Backtrace
                0x00002f20                ___Unwind_RaiseException
                0x00002f44                ___Unwind_Resume
                0x00002e70                __gnu_Unwind_Restore_WMMXD
                0x00002e40                __gnu_Unwind_Restore_VFP
                0x00002f44                _Unwind_Resume
                0x00002e50                __gnu_Unwind_Restore_VFP_D
                0x00002e60                __gnu_Unwind_Restore_VFP_D_16_to_31
                0x00002f20                _Unwind_RaiseException
                0x00002e2c                restore_core_regs
                0x00002f0c                __gnu_Unwind_Save_WMMXC
                0x00002ef8                __gnu_Unwind_Restore_WMMXC
                0x00002f8c                _Unwind_ForcedUnwind
                0x00002eb4                __gnu_Unwind_Save_WMMXD
 .text          0x00002fd4      0x484 C:/android-ndk-r8/toolchains/arm-linux-androideabi-4.4.3/prebuilt/windows/bin/../lib/gcc/arm-linux-androideabi/4.4.3\libgcc.a(pr-support.o)
                0x00003074                _Unwind_GetRegionStart
                0x000030a0                __gnu_unwind_execute
                0x0000302c                _Unwind_GetTextRelBase
                0x0000303c                _Unwind_GetLanguageSpecificData
                0x00003418                __gnu_unwind_frame
                0x00003034                _Unwind_GetDataRelBase
 .text          0x00003458      0x47c C:/android-ndk-r8/toolchains/arm-linux-androideabi-4.4.3/prebuilt/windows/bin/../lib/gcc/arm-linux-androideabi/4.4.3\libgcc.a(_divdi3.o)
                0x00003458                __divdi3
 .text          0x000038d4      0x40c C:/android-ndk-r8/toolchains/arm-linux-androideabi-4.4.3/prebuilt/windows/bin/../lib/gcc/arm-linux-androideabi/4.4.3\libgcc.a(_udivdi3.o)
                0x000038d4                __udivdi3
 .text          0x00003ce0       0xc4 C:/android-ndk-r8/toolchains/arm-linux-androideabi-4.4.3/prebuilt/windows/bin/../lib/gcc/arm-linux-androideabi/4.4.3\libgcc.a(_udivsi3.o)
                0x00003ce0                __udivsi3
                0x00003ce0                __aeabi_uidiv
                0x00003d8c                __aeabi_uidivmod
 .text          0x00003da4       0x10 C:/android-ndk-r8/toolchains/arm-linux-androideabi-4.4.3/prebuilt/windows/bin/../lib/gcc/arm-linux-androideabi/4.4.3\libgcc.a(_dvmd_lnx.o)
                0x00003da4                __div0
 *(.gnu.warning)
 *(.glue_7t)
 .glue_7t       0x00000000        0x0 linker stubs
 *(.glue_7)
 .glue_7        0x00000000        0x0 linker stubs
 *(.vfp11_veneer)
 .vfp11_veneer  0x00000000        0x0 linker stubs
 *(.v4_bx)
 .v4_bx         0x00000000        0x0 linker stubs

.fini
 *(.fini)
                0x00003db4                PROVIDE (__etext, .)
                0x00003db4                PROVIDE (_etext, .)
                0x00003db4                PROVIDE (etext, .)

.rodata         0x00003db4      0x248
 *(.rodata .rodata.* .gnu.linkonce.r.*)
 .rodata        0x00003db4       0xbc debug\s3eAndroidAppirater_platform.os
 .rodata        0x00003e70       0x70 debug\s3eAndroidAppirater_register.os
 .rodata.str1.4
                0x00003ee0      0x11c D:\marmalade\5.2\s3e\edk\lib\android\libedk.a(IwDebug.o)
                                0x120 (size before relaxing)

.rodata1
 *(.rodata1)

.ARM.extab      0x00003ffc       0x48
 *(.ARM.extab* .gnu.linkonce.armextab.*)
 .ARM.extab.text.IwDebugTraceLineVPrintf
                0x00003ffc        0xc D:\marmalade\5.2\s3e\edk\lib\android\libedk.a(IwDebug.o)
 .ARM.extab.text.IwDebugTraceLinePrintf
                0x00004008        0xc D:\marmalade\5.2\s3e\edk\lib\android\libedk.a(IwDebug.o)
 .ARM.extab.text.s3eEdkThreadRunOnOS
                0x00004014        0xc D:\marmalade\5.2\s3e\edk\lib\android\libedk.a(edk_helpers.o)
 .ARM.extab     0x00004020       0x24 C:/android-ndk-r8/toolchains/arm-linux-androideabi-4.4.3/prebuilt/windows/bin/../lib/gcc/arm-linux-androideabi/4.4.3\libgcc.a(unwind-arm.o)
                0x00004044                __exidx_start = .

.ARM.exidx      0x00004044      0x128
 *(.ARM.exidx* .gnu.linkonce.armexidx.*)
 .ARM.exidx.text.IwDebugTraceSetTraceChannel
                0x00004044        0x8 D:\marmalade\5.2\s3e\edk\lib\android\libedk.a(IwDebug.o)
 .ARM.exidx.text._GLOBAL__I_g_DebugGlobals
                0x0000404c        0x8 D:\marmalade\5.2\s3e\edk\lib\android\libedk.a(IwDebug.o)
 .ARM.exidx.text.IwDebugTraceLineVPrintf
                0x00004054        0x8 D:\marmalade\5.2\s3e\edk\lib\android\libedk.a(IwDebug.o)
 .ARM.exidx.text.IwDebugTraceLinePrintf
                0x0000405c        0x8 D:\marmalade\5.2\s3e\edk\lib\android\libedk.a(IwDebug.o)
 .ARM.exidx.text.IwDebugTraceIsChannelOn
                0x00004064        0x8 D:\marmalade\5.2\s3e\edk\lib\android\libedk.a(IwDebug.o)
 .ARM.exidx.text.s3eEdkThreadRunOnOS
                0x0000406c        0x8 D:\marmalade\5.2\s3e\edk\lib\android\libedk.a(edk_helpers.o)
 .ARM.exidx     0x00004074       0x10 C:/android-ndk-r8/toolchains/arm-linux-androideabi-4.4.3/prebuilt/windows/bin/../lib/gcc/arm-linux-androideabi/4.4.3\libgcc.a(bpabi.o)
 .ARM.exidx     0x00004084       0xa0 C:/android-ndk-r8/toolchains/arm-linux-androideabi-4.4.3/prebuilt/windows/bin/../lib/gcc/arm-linux-androideabi/4.4.3\libgcc.a(unwind-arm.o)
 .ARM.exidx     0x00004124       0x38 C:/android-ndk-r8/toolchains/arm-linux-androideabi-4.4.3/prebuilt/windows/bin/../lib/gcc/arm-linux-androideabi/4.4.3\libgcc.a(pr-support.o)
 .ARM.exidx     0x0000415c        0x8 C:/android-ndk-r8/toolchains/arm-linux-androideabi-4.4.3/prebuilt/windows/bin/../lib/gcc/arm-linux-androideabi/4.4.3\libgcc.a(_divdi3.o)
 .ARM.exidx     0x00004164        0x8 C:/android-ndk-r8/toolchains/arm-linux-androideabi-4.4.3/prebuilt/windows/bin/../lib/gcc/arm-linux-androideabi/4.4.3\libgcc.a(_udivdi3.o)
                0x0000416c                __exidx_end = .

.eh_frame_hdr
 *(.eh_frame_hdr)

.eh_frame
 *(.eh_frame)

.gcc_except_table
 *(.gcc_except_table .gcc_except_table.*)
                0x0000416c                . = (ALIGN (0x1000) - ((0x1000 - .) & 0xfff))
                0x0000516c                . = (0x1000 DATA_SEGMENT_ALIGN 0x1000)

.eh_frame
 *(.eh_frame)

.gcc_except_table
 *(.gcc_except_table .gcc_except_table.*)

.tdata
 *(.tdata .tdata.* .gnu.linkonce.td.*)

.tbss
 *(.tbss .tbss.* .gnu.linkonce.tb.*)
 *(.tcommon)

.preinit_array
 *(.preinit_array)

.init_array     0x0000516c        0x4
 *(SORT(.init_array.*))
 *(.init_array)
 .init_array    0x0000516c        0x4 D:\marmalade\5.2\s3e\edk\lib\android\libedk.a(IwDebug.o)

.fini_array
 *(.fini_array)
 *(SORT(.fini_array.*))

.ctors
 *crtbegin.o(.ctors)
 *crtbegin?.o(.ctors)
 *(EXCLUDE_FILE(*crtend?.o *crtend.o) .ctors)
 *(SORT(.ctors.*))
 *(.ctors)

.dtors
 *crtbegin.o(.dtors)
 *crtbegin?.o(.dtors)
 *(EXCLUDE_FILE(*crtend?.o *crtend.o) .dtors)
 *(SORT(.dtors.*))
 *(.dtors)

.jcr
 *(.jcr)

.data.rel.ro
 *(.data.rel.ro.local* .gnu.linkonce.d.rel.ro.local.*)
 *(.data.rel.ro* .gnu.linkonce.d.rel.ro.*)

.dynamic        0x00005170       0xc0
 *(.dynamic)
 .dynamic       0x00005170       0xc0 debug\s3eAndroidAppirater_platform.os
                0x00005170                _DYNAMIC
                0x00005230                . = (. DATA_SEGMENT_RELRO_END 0x0)

.got            0x00005230       0x80
 *(.got.plt)
 .got.plt       0x00005230       0x58 debug\s3eAndroidAppirater_platform.os
                0x00005230                _GLOBAL_OFFSET_TABLE_
 *(.got)
 .got           0x00005288       0x28 debug\s3eAndroidAppirater_platform.os

.data           0x000052b0        0x0
                0x000052b0                __data_start = .
 *(.data .data.* .gnu.linkonce.d.*)

.data1
 *(.data1)
                0x000052b0                _edata = .
                0x000052b0                PROVIDE (edata, .)
                0x000052b0                __bss_start = .
                0x000052b0                __bss_start__ = .

.bss            0x000052b0     0x1a30
 *(.dynbss)
 .dynbss        0x00000000        0x0 debug\s3eAndroidAppirater_platform.os
 *(.bss .bss.* .gnu.linkonce.b.*)
 .bss           0x000052b0        0x8 debug\s3eAndroidAppirater_platform.os
 .bss           0x000052b8     0x1a28 D:\marmalade\5.2\s3e\edk\lib\android\libedk.a(IwDebug.o)
                0x000052b8                g_DebugGlobals
 *(COMMON)
                0x00006ce0                . = ALIGN ((. != 0x0)?0x4:0x1)
                0x00006ce0                _bss_end__ = .
                0x00006ce0                __bss_end__ = .
                0x00006ce0                . = ALIGN (0x4)
                0x00006ce0                . = ALIGN (0x4)
                0x00006ce0                __end__ = .
                0x00006ce0                _end = .
                0x00006ce0                PROVIDE (end, .)
                0x00006ce0                . = DATA_SEGMENT_END (.)

.stab
 *(.stab)

.stabstr
 *(.stabstr)

.stab.excl
 *(.stab.excl)

.stab.exclstr
 *(.stab.exclstr)

.stab.index
 *(.stab.index)

.stab.indexstr
 *(.stab.indexstr)

.comment        0x00000000       0xe6
 *(.comment)
 .comment       0x00000000       0x12 debug\s3eAndroidAppirater_platform.os
 .comment       0x00000012       0x12 debug\s3eAndroidAppirater.os
 .comment       0x00000024       0x12 debug\s3eAndroidAppirater_register.os
 .comment       0x00000036       0x2b D:\marmalade\5.2\s3e\edk\lib\android\libedk.a(IwDebug.o)
 .comment       0x00000061       0x2b D:\marmalade\5.2\s3e\edk\lib\android\libedk.a(edk_helpers.o)
 .comment       0x0000008c       0x12 C:/android-ndk-r8/toolchains/arm-linux-androideabi-4.4.3/prebuilt/windows/bin/../lib/gcc/arm-linux-androideabi/4.4.3\libgcc.a(bpabi.o)
 .comment       0x0000009e       0x12 C:/android-ndk-r8/toolchains/arm-linux-androideabi-4.4.3/prebuilt/windows/bin/../lib/gcc/arm-linux-androideabi/4.4.3\libgcc.a(unwind-arm.o)
 .comment       0x000000b0       0x12 C:/android-ndk-r8/toolchains/arm-linux-androideabi-4.4.3/prebuilt/windows/bin/../lib/gcc/arm-linux-androideabi/4.4.3\libgcc.a(pr-support.o)
 .comment       0x000000c2       0x12 C:/android-ndk-r8/toolchains/arm-linux-androideabi-4.4.3/prebuilt/windows/bin/../lib/gcc/arm-linux-androideabi/4.4.3\libgcc.a(_divdi3.o)
 .comment       0x000000d4       0x12 C:/android-ndk-r8/toolchains/arm-linux-androideabi-4.4.3/prebuilt/windows/bin/../lib/gcc/arm-linux-androideabi/4.4.3\libgcc.a(_udivdi3.o)

.debug
 *(.debug)

.line
 *(.line)

.debug_srcinfo
 *(.debug_srcinfo)

.debug_sfnames
 *(.debug_sfnames)

.debug_aranges  0x00000000      0x228
 *(.debug_aranges)
 .debug_aranges
                0x00000000       0xa8 debug\s3eAndroidAppirater_platform.os
 .debug_aranges
                0x000000a8       0x30 debug\s3eAndroidAppirater.os
 .debug_aranges
                0x000000d8       0x30 debug\s3eAndroidAppirater_register.os
 .debug_aranges
                0x00000108       0x20 C:/android-ndk-r8/toolchains/arm-linux-androideabi-4.4.3/prebuilt/windows/bin/../lib/gcc/arm-linux-androideabi/4.4.3\libgcc.a(_aeabi_ldivmod.o)
 .debug_aranges
                0x00000128       0x20 C:/android-ndk-r8/toolchains/arm-linux-androideabi-4.4.3/prebuilt/windows/bin/../lib/gcc/arm-linux-androideabi/4.4.3\libgcc.a(bpabi.o)
 .debug_aranges
                0x00000148       0x20 C:/android-ndk-r8/toolchains/arm-linux-androideabi-4.4.3/prebuilt/windows/bin/../lib/gcc/arm-linux-androideabi/4.4.3\libgcc.a(unwind-arm.o)
 .debug_aranges
                0x00000168       0x20 C:/android-ndk-r8/toolchains/arm-linux-androideabi-4.4.3/prebuilt/windows/bin/../lib/gcc/arm-linux-androideabi/4.4.3\libgcc.a(libunwind.o)
 .debug_aranges
                0x00000188       0x20 C:/android-ndk-r8/toolchains/arm-linux-androideabi-4.4.3/prebuilt/windows/bin/../lib/gcc/arm-linux-androideabi/4.4.3\libgcc.a(pr-support.o)
 .debug_aranges
                0x000001a8       0x20 C:/android-ndk-r8/toolchains/arm-linux-androideabi-4.4.3/prebuilt/windows/bin/../lib/gcc/arm-linux-androideabi/4.4.3\libgcc.a(_divdi3.o)
 .debug_aranges
                0x000001c8       0x20 C:/android-ndk-r8/toolchains/arm-linux-androideabi-4.4.3/prebuilt/windows/bin/../lib/gcc/arm-linux-androideabi/4.4.3\libgcc.a(_udivdi3.o)
 .debug_aranges
                0x000001e8       0x20 C:/android-ndk-r8/toolchains/arm-linux-androideabi-4.4.3/prebuilt/windows/bin/../lib/gcc/arm-linux-androideabi/4.4.3\libgcc.a(_udivsi3.o)
 .debug_aranges
                0x00000208       0x20 C:/android-ndk-r8/toolchains/arm-linux-androideabi-4.4.3/prebuilt/windows/bin/../lib/gcc/arm-linux-androideabi/4.4.3\libgcc.a(_dvmd_lnx.o)

.debug_pubnames
                0x00000000      0x511
 *(.debug_pubnames)
 .debug_pubnames
                0x00000000      0x1b9 debug\s3eAndroidAppirater_platform.os
 .debug_pubnames
                0x000001b9       0x61 debug\s3eAndroidAppirater.os
 .debug_pubnames
                0x0000021a       0x45 debug\s3eAndroidAppirater_register.os
 .debug_pubnames
                0x0000025f       0x45 C:/android-ndk-r8/toolchains/arm-linux-androideabi-4.4.3/prebuilt/windows/bin/../lib/gcc/arm-linux-androideabi/4.4.3\libgcc.a(bpabi.o)
 .debug_pubnames
                0x000002a4      0x177 C:/android-ndk-r8/toolchains/arm-linux-androideabi-4.4.3/prebuilt/windows/bin/../lib/gcc/arm-linux-androideabi/4.4.3\libgcc.a(unwind-arm.o)
 .debug_pubnames
                0x0000041b       0xb7 C:/android-ndk-r8/toolchains/arm-linux-androideabi-4.4.3/prebuilt/windows/bin/../lib/gcc/arm-linux-androideabi/4.4.3\libgcc.a(pr-support.o)
 .debug_pubnames
                0x000004d2       0x1f C:/android-ndk-r8/toolchains/arm-linux-androideabi-4.4.3/prebuilt/windows/bin/../lib/gcc/arm-linux-androideabi/4.4.3\libgcc.a(_divdi3.o)
 .debug_pubnames
                0x000004f1       0x20 C:/android-ndk-r8/toolchains/arm-linux-androideabi-4.4.3/prebuilt/windows/bin/../lib/gcc/arm-linux-androideabi/4.4.3\libgcc.a(_udivdi3.o)

.debug_info     0x00000000     0x8809
 *(.debug_info .gnu.linkonce.wi.*)
 .debug_info    0x00000000     0x5a29 debug\s3eAndroidAppirater_platform.os
 .debug_info    0x00005a29      0x124 debug\s3eAndroidAppirater.os
 .debug_info    0x00005b4d      0x177 debug\s3eAndroidAppirater_register.os
 .debug_info    0x00005cc4      0x10b C:/android-ndk-r8/toolchains/arm-linux-androideabi-4.4.3/prebuilt/windows/bin/../lib/gcc/arm-linux-androideabi/4.4.3\libgcc.a(_aeabi_ldivmod.o)
 .debug_info    0x00005dcf       0xde C:/android-ndk-r8/toolchains/arm-linux-androideabi-4.4.3/prebuilt/windows/bin/../lib/gcc/arm-linux-androideabi/4.4.3\libgcc.a(bpabi.o)
 .debug_info    0x00005ead     0x1424 C:/android-ndk-r8/toolchains/arm-linux-androideabi-4.4.3/prebuilt/windows/bin/../lib/gcc/arm-linux-androideabi/4.4.3\libgcc.a(unwind-arm.o)
 .debug_info    0x000072d1      0x10f C:/android-ndk-r8/toolchains/arm-linux-androideabi-4.4.3/prebuilt/windows/bin/../lib/gcc/arm-linux-androideabi/4.4.3\libgcc.a(libunwind.o)
 .debug_info    0x000073e0      0x636 C:/android-ndk-r8/toolchains/arm-linux-androideabi-4.4.3/prebuilt/windows/bin/../lib/gcc/arm-linux-androideabi/4.4.3\libgcc.a(pr-support.o)
 .debug_info    0x00007a16      0x606 C:/android-ndk-r8/toolchains/arm-linux-androideabi-4.4.3/prebuilt/windows/bin/../lib/gcc/arm-linux-androideabi/4.4.3\libgcc.a(_divdi3.o)
 .debug_info    0x0000801c      0x5cb C:/android-ndk-r8/toolchains/arm-linux-androideabi-4.4.3/prebuilt/windows/bin/../lib/gcc/arm-linux-androideabi/4.4.3\libgcc.a(_udivdi3.o)
 .debug_info    0x000085e7      0x111 C:/android-ndk-r8/toolchains/arm-linux-androideabi-4.4.3/prebuilt/windows/bin/../lib/gcc/arm-linux-androideabi/4.4.3\libgcc.a(_udivsi3.o)
 .debug_info    0x000086f8      0x111 C:/android-ndk-r8/toolchains/arm-linux-androideabi-4.4.3/prebuilt/windows/bin/../lib/gcc/arm-linux-androideabi/4.4.3\libgcc.a(_dvmd_lnx.o)

.debug_abbrev   0x00000000      0xd88
 *(.debug_abbrev)
 .debug_abbrev  0x00000000      0x259 debug\s3eAndroidAppirater_platform.os
 .debug_abbrev  0x00000259       0xb3 debug\s3eAndroidAppirater.os
 .debug_abbrev  0x0000030c       0xef debug\s3eAndroidAppirater_register.os
 .debug_abbrev  0x000003fb       0x14 C:/android-ndk-r8/toolchains/arm-linux-androideabi-4.4.3/prebuilt/windows/bin/../lib/gcc/arm-linux-androideabi/4.4.3\libgcc.a(_aeabi_ldivmod.o)
 .debug_abbrev  0x0000040f       0x6a C:/android-ndk-r8/toolchains/arm-linux-androideabi-4.4.3/prebuilt/windows/bin/../lib/gcc/arm-linux-androideabi/4.4.3\libgcc.a(bpabi.o)
 .debug_abbrev  0x00000479      0x3bb C:/android-ndk-r8/toolchains/arm-linux-androideabi-4.4.3/prebuilt/windows/bin/../lib/gcc/arm-linux-androideabi/4.4.3\libgcc.a(unwind-arm.o)
 .debug_abbrev  0x00000834       0x14 C:/android-ndk-r8/toolchains/arm-linux-androideabi-4.4.3/prebuilt/windows/bin/../lib/gcc/arm-linux-androideabi/4.4.3\libgcc.a(libunwind.o)
 .debug_abbrev  0x00000848      0x220 C:/android-ndk-r8/toolchains/arm-linux-androideabi-4.4.3/prebuilt/windows/bin/../lib/gcc/arm-linux-androideabi/4.4.3\libgcc.a(pr-support.o)
 .debug_abbrev  0x00000a68      0x18b C:/android-ndk-r8/toolchains/arm-linux-androideabi-4.4.3/prebuilt/windows/bin/../lib/gcc/arm-linux-androideabi/4.4.3\libgcc.a(_divdi3.o)
 .debug_abbrev  0x00000bf3      0x16d C:/android-ndk-r8/toolchains/arm-linux-androideabi-4.4.3/prebuilt/windows/bin/../lib/gcc/arm-linux-androideabi/4.4.3\libgcc.a(_udivdi3.o)
 .debug_abbrev  0x00000d60       0x14 C:/android-ndk-r8/toolchains/arm-linux-androideabi-4.4.3/prebuilt/windows/bin/../lib/gcc/arm-linux-androideabi/4.4.3\libgcc.a(_udivsi3.o)
 .debug_abbrev  0x00000d74       0x14 C:/android-ndk-r8/toolchains/arm-linux-androideabi-4.4.3/prebuilt/windows/bin/../lib/gcc/arm-linux-androideabi/4.4.3\libgcc.a(_dvmd_lnx.o)

.debug_line     0x00000000     0x129b
 *(.debug_line)
 .debug_line    0x00000000      0x2d8 debug\s3eAndroidAppirater_platform.os
 .debug_line    0x000002d8       0xcc debug\s3eAndroidAppirater.os
 .debug_line    0x000003a4       0xe5 debug\s3eAndroidAppirater_register.os
 .debug_line    0x00000489       0xb9 C:/android-ndk-r8/toolchains/arm-linux-androideabi-4.4.3/prebuilt/windows/bin/../lib/gcc/arm-linux-androideabi/4.4.3\libgcc.a(_aeabi_ldivmod.o)
 .debug_line    0x00000542       0xbf C:/android-ndk-r8/toolchains/arm-linux-androideabi-4.4.3/prebuilt/windows/bin/../lib/gcc/arm-linux-androideabi/4.4.3\libgcc.a(bpabi.o)
 .debug_line    0x00000601      0x4e8 C:/android-ndk-r8/toolchains/arm-linux-androideabi-4.4.3/prebuilt/windows/bin/../lib/gcc/arm-linux-androideabi/4.4.3\libgcc.a(unwind-arm.o)
 .debug_line    0x00000ae9      0x105 C:/android-ndk-r8/toolchains/arm-linux-androideabi-4.4.3/prebuilt/windows/bin/../lib/gcc/arm-linux-androideabi/4.4.3\libgcc.a(libunwind.o)
 .debug_line    0x00000bee      0x1e8 C:/android-ndk-r8/toolchains/arm-linux-androideabi-4.4.3/prebuilt/windows/bin/../lib/gcc/arm-linux-androideabi/4.4.3\libgcc.a(pr-support.o)
 .debug_line    0x00000dd6      0x19b C:/android-ndk-r8/toolchains/arm-linux-androideabi-4.4.3/prebuilt/windows/bin/../lib/gcc/arm-linux-androideabi/4.4.3\libgcc.a(_divdi3.o)
 .debug_line    0x00000f71      0x18b C:/android-ndk-r8/toolchains/arm-linux-androideabi-4.4.3/prebuilt/windows/bin/../lib/gcc/arm-linux-androideabi/4.4.3\libgcc.a(_udivdi3.o)
 .debug_line    0x000010fc       0xe0 C:/android-ndk-r8/toolchains/arm-linux-androideabi-4.4.3/prebuilt/windows/bin/../lib/gcc/arm-linux-androideabi/4.4.3\libgcc.a(_udivsi3.o)
 .debug_line    0x000011dc       0xbf C:/android-ndk-r8/toolchains/arm-linux-androideabi-4.4.3/prebuilt/windows/bin/../lib/gcc/arm-linux-androideabi/4.4.3\libgcc.a(_dvmd_lnx.o)

.debug_frame    0x00000000      0x738
 *(.debug_frame)
 .debug_frame   0x00000000      0x20c debug\s3eAndroidAppirater_platform.os
 .debug_frame   0x0000020c       0x64 debug\s3eAndroidAppirater.os
 .debug_frame   0x00000270       0x64 debug\s3eAndroidAppirater_register.os
 .debug_frame   0x000002d4       0x60 C:/android-ndk-r8/toolchains/arm-linux-androideabi-4.4.3/prebuilt/windows/bin/../lib/gcc/arm-linux-androideabi/4.4.3\libgcc.a(bpabi.o)
 .debug_frame   0x00000334      0x248 C:/android-ndk-r8/toolchains/arm-linux-androideabi-4.4.3/prebuilt/windows/bin/../lib/gcc/arm-linux-androideabi/4.4.3\libgcc.a(unwind-arm.o)
 .debug_frame   0x0000057c      0x108 C:/android-ndk-r8/toolchains/arm-linux-androideabi-4.4.3/prebuilt/windows/bin/../lib/gcc/arm-linux-androideabi/4.4.3\libgcc.a(pr-support.o)
 .debug_frame   0x00000684       0x44 C:/android-ndk-r8/toolchains/arm-linux-androideabi-4.4.3/prebuilt/windows/bin/../lib/gcc/arm-linux-androideabi/4.4.3\libgcc.a(_divdi3.o)
 .debug_frame   0x000006c8       0x48 C:/android-ndk-r8/toolchains/arm-linux-androideabi-4.4.3/prebuilt/windows/bin/../lib/gcc/arm-linux-androideabi/4.4.3\libgcc.a(_udivdi3.o)
 .debug_frame   0x00000710       0x28 C:/android-ndk-r8/toolchains/arm-linux-androideabi-4.4.3/prebuilt/windows/bin/../lib/gcc/arm-linux-androideabi/4.4.3\libgcc.a(_udivsi3.o)

.debug_str      0x00000000     0x54f0
 *(.debug_str)
 .debug_str     0x00000000     0x479c debug\s3eAndroidAppirater_platform.os
                               0x492d (size before relaxing)
 .debug_str     0x0000479c       0xc8 debug\s3eAndroidAppirater.os
                                0x1ae (size before relaxing)
 .debug_str     0x00004864       0xbc debug\s3eAndroidAppirater_register.os
                                0x1af (size before relaxing)
 .debug_str     0x00004920       0xcd C:/android-ndk-r8/toolchains/arm-linux-androideabi-4.4.3/prebuilt/windows/bin/../lib/gcc/arm-linux-androideabi/4.4.3\libgcc.a(bpabi.o)
                                 0xf2 (size before relaxing)
 .debug_str     0x000049ed      0x82d C:/android-ndk-r8/toolchains/arm-linux-androideabi-4.4.3/prebuilt/windows/bin/../lib/gcc/arm-linux-androideabi/4.4.3\libgcc.a(unwind-arm.o)
                                0x908 (size before relaxing)
 .debug_str     0x0000521a      0x151 C:/android-ndk-r8/toolchains/arm-linux-androideabi-4.4.3/prebuilt/windows/bin/../lib/gcc/arm-linux-androideabi/4.4.3\libgcc.a(pr-support.o)
                                0x46e (size before relaxing)
 .debug_str     0x0000536b      0x17b C:/android-ndk-r8/toolchains/arm-linux-androideabi-4.4.3/prebuilt/windows/bin/../lib/gcc/arm-linux-androideabi/4.4.3\libgcc.a(_divdi3.o)
                                0x22b (size before relaxing)
 .debug_str     0x000054e6        0xa C:/android-ndk-r8/toolchains/arm-linux-androideabi-4.4.3/prebuilt/windows/bin/../lib/gcc/arm-linux-androideabi/4.4.3\libgcc.a(_udivdi3.o)
                                0x22c (size before relaxing)

.debug_loc      0x00000000     0x24f5
 *(.debug_loc)
 .debug_loc     0x00000000      0x304 debug\s3eAndroidAppirater_platform.os
 .debug_loc     0x00000304       0x6c debug\s3eAndroidAppirater.os
 .debug_loc     0x00000370       0x78 debug\s3eAndroidAppirater_register.os
 .debug_loc     0x000003e8      0x120 C:/android-ndk-r8/toolchains/arm-linux-androideabi-4.4.3/prebuilt/windows/bin/../lib/gcc/arm-linux-androideabi/4.4.3\libgcc.a(bpabi.o)
 .debug_loc     0x00000508      0xfef C:/android-ndk-r8/toolchains/arm-linux-androideabi-4.4.3/prebuilt/windows/bin/../lib/gcc/arm-linux-androideabi/4.4.3\libgcc.a(unwind-arm.o)
 .debug_loc     0x000014f7      0x2f9 C:/android-ndk-r8/toolchains/arm-linux-androideabi-4.4.3/prebuilt/windows/bin/../lib/gcc/arm-linux-androideabi/4.4.3\libgcc.a(pr-support.o)
 .debug_loc     0x000017f0      0x6cf C:/android-ndk-r8/toolchains/arm-linux-androideabi-4.4.3/prebuilt/windows/bin/../lib/gcc/arm-linux-androideabi/4.4.3\libgcc.a(_divdi3.o)
 .debug_loc     0x00001ebf      0x636 C:/android-ndk-r8/toolchains/arm-linux-androideabi-4.4.3/prebuilt/windows/bin/../lib/gcc/arm-linux-androideabi/4.4.3\libgcc.a(_udivdi3.o)

.debug_macinfo
 *(.debug_macinfo)

.debug_weaknames
 *(.debug_weaknames)

.debug_funcnames
 *(.debug_funcnames)

.debug_typenames
 *(.debug_typenames)

.debug_varnames
 *(.debug_varnames)

.debug_pubtypes
 *(.debug_pubtypes)

.debug_ranges   0x00000000      0x428
 *(.debug_ranges)
 .debug_ranges  0x00000000       0x98 debug\s3eAndroidAppirater_platform.os
 .debug_ranges  0x00000098       0x20 debug\s3eAndroidAppirater.os
 .debug_ranges  0x000000b8       0x20 debug\s3eAndroidAppirater_register.os
 .debug_ranges  0x000000d8      0x1f8 C:/android-ndk-r8/toolchains/arm-linux-androideabi-4.4.3/prebuilt/windows/bin/../lib/gcc/arm-linux-androideabi/4.4.3\libgcc.a(unwind-arm.o)
 .debug_ranges  0x000002d0       0x30 C:/android-ndk-r8/toolchains/arm-linux-androideabi-4.4.3/prebuilt/windows/bin/../lib/gcc/arm-linux-androideabi/4.4.3\libgcc.a(pr-support.o)
 .debug_ranges  0x00000300       0xa0 C:/android-ndk-r8/toolchains/arm-linux-androideabi-4.4.3/prebuilt/windows/bin/../lib/gcc/arm-linux-androideabi/4.4.3\libgcc.a(_divdi3.o)
 .debug_ranges  0x000003a0       0x88 C:/android-ndk-r8/toolchains/arm-linux-androideabi-4.4.3/prebuilt/windows/bin/../lib/gcc/arm-linux-androideabi/4.4.3\libgcc.a(_udivdi3.o)

.gnu.attributes
 *(.gnu.attributes)

.note.gnu.arm.ident
 *(.note.gnu.arm.ident)

/DISCARD/
 *(.note.GNU-stack)
 *(.gnu_debuglink)
OUTPUT(G:\hungryhobo_source\edk\s3eandroidappirater\lib\android\libs3eAndroidAppirater_d.so elf32-littlearm)

.ARM.attributes
                0x00000000       0x2b
 .ARM.attributes
                0x00000000       0x28 debug\s3eAndroidAppirater_platform.os
 .ARM.attributes
                0x00000028       0x28 debug\s3eAndroidAppirater.os
 .ARM.attributes
                0x00000050       0x28 debug\s3eAndroidAppirater_register.os
 .ARM.attributes
                0x00000078       0x2c D:\marmalade\5.2\s3e\edk\lib\android\libedk.a(IwDebug.o)
 .ARM.attributes
                0x000000a4       0x2c D:\marmalade\5.2\s3e\edk\lib\android\libedk.a(edk_helpers.o)
 .ARM.attributes
                0x000000d0       0x19 C:/android-ndk-r8/toolchains/arm-linux-androideabi-4.4.3/prebuilt/windows/bin/../lib/gcc/arm-linux-androideabi/4.4.3\libgcc.a(_aeabi_ldivmod.o)
 .ARM.attributes
                0x000000e9       0x29 C:/android-ndk-r8/toolchains/arm-linux-androideabi-4.4.3/prebuilt/windows/bin/../lib/gcc/arm-linux-androideabi/4.4.3\libgcc.a(bpabi.o)
 .ARM.attributes
                0x00000112       0x29 C:/android-ndk-r8/toolchains/arm-linux-androideabi-4.4.3/prebuilt/windows/bin/../lib/gcc/arm-linux-androideabi/4.4.3\libgcc.a(unwind-arm.o)
 .ARM.attributes
                0x0000013b       0x19 C:/android-ndk-r8/toolchains/arm-linux-androideabi-4.4.3/prebuilt/windows/bin/../lib/gcc/arm-linux-androideabi/4.4.3\libgcc.a(libunwind.o)
 .ARM.attributes
                0x00000154       0x29 C:/android-ndk-r8/toolchains/arm-linux-androideabi-4.4.3/prebuilt/windows/bin/../lib/gcc/arm-linux-androideabi/4.4.3\libgcc.a(pr-support.o)
 .ARM.attributes
                0x0000017d       0x29 C:/android-ndk-r8/toolchains/arm-linux-androideabi-4.4.3/prebuilt/windows/bin/../lib/gcc/arm-linux-androideabi/4.4.3\libgcc.a(_divdi3.o)
 .ARM.attributes
                0x000001a6       0x29 C:/android-ndk-r8/toolchains/arm-linux-androideabi-4.4.3/prebuilt/windows/bin/../lib/gcc/arm-linux-androideabi/4.4.3\libgcc.a(_udivdi3.o)
 .ARM.attributes
                0x000001cf       0x19 C:/android-ndk-r8/toolchains/arm-linux-androideabi-4.4.3/prebuilt/windows/bin/../lib/gcc/arm-linux-androideabi/4.4.3\libgcc.a(_udivsi3.o)
 .ARM.attributes
                0x000001e8       0x19 C:/android-ndk-r8/toolchains/arm-linux-androideabi-4.4.3/prebuilt/windows/bin/../lib/gcc/arm-linux-androideabi/4.4.3\libgcc.a(_dvmd_lnx.o)
