Archive member included because of file (symbol)

C:\marmalade\6.0\s3e\edk\lib\android\libedk.a(IwDebug.o)
                              debug\s3eAndroidAppirater_platform.os (IwDebugTraceSetTraceChannel)
C:\marmalade\6.0\s3e\edk\lib\android\libedk.a(edk_helpers.o)
                              debug\s3eAndroidAppirater_platform.os (s3eEdkThreadRunOnOS)
C:/android-ndk-r7c/toolchains/arm-linux-androideabi-4.4.3/prebuilt/windows/bin/../lib/gcc/arm-linux-androideabi/4.4.3\libgcc.a(_aeabi_ldivmod.o)
                              C:\marmalade\6.0\s3e\edk\lib\android\libedk.a(IwDebug.o) (__aeabi_ldivmod)
C:/android-ndk-r7c/toolchains/arm-linux-androideabi-4.4.3/prebuilt/windows/bin/../lib/gcc/arm-linux-androideabi/4.4.3\libgcc.a(bpabi.o)
                              C:/android-ndk-r7c/toolchains/arm-linux-androideabi-4.4.3/prebuilt/windows/bin/../lib/gcc/arm-linux-androideabi/4.4.3\libgcc.a(_aeabi_ldivmod.o) (__gnu_ldivmod_helper)
C:/android-ndk-r7c/toolchains/arm-linux-androideabi-4.4.3/prebuilt/windows/bin/../lib/gcc/arm-linux-androideabi/4.4.3\libgcc.a(unwind-arm.o)
                              C:\marmalade\6.0\s3e\edk\lib\android\libedk.a(IwDebug.o) (__aeabi_unwind_cpp_pr0)
C:/android-ndk-r7c/toolchains/arm-linux-androideabi-4.4.3/prebuilt/windows/bin/../lib/gcc/arm-linux-androideabi/4.4.3\libgcc.a(libunwind.o)
                              C:/android-ndk-r7c/toolchains/arm-linux-androideabi-4.4.3/prebuilt/windows/bin/../lib/gcc/arm-linux-androideabi/4.4.3\libgcc.a(unwind-arm.o) (restore_core_regs)
C:/android-ndk-r7c/toolchains/arm-linux-androideabi-4.4.3/prebuilt/windows/bin/../lib/gcc/arm-linux-androideabi/4.4.3\libgcc.a(pr-support.o)
                              C:/android-ndk-r7c/toolchains/arm-linux-androideabi-4.4.3/prebuilt/windows/bin/../lib/gcc/arm-linux-androideabi/4.4.3\libgcc.a(unwind-arm.o) (__gnu_unwind_execute)
C:/android-ndk-r7c/toolchains/arm-linux-androideabi-4.4.3/prebuilt/windows/bin/../lib/gcc/arm-linux-androideabi/4.4.3\libgcc.a(_divdi3.o)
                              C:/android-ndk-r7c/toolchains/arm-linux-androideabi-4.4.3/prebuilt/windows/bin/../lib/gcc/arm-linux-androideabi/4.4.3\libgcc.a(bpabi.o) (__divdi3)
C:/android-ndk-r7c/toolchains/arm-linux-androideabi-4.4.3/prebuilt/windows/bin/../lib/gcc/arm-linux-androideabi/4.4.3\libgcc.a(_udivdi3.o)
                              C:/android-ndk-r7c/toolchains/arm-linux-androideabi-4.4.3/prebuilt/windows/bin/../lib/gcc/arm-linux-androideabi/4.4.3\libgcc.a(bpabi.o) (__udivdi3)
C:/android-ndk-r7c/toolchains/arm-linux-androideabi-4.4.3/prebuilt/windows/bin/../lib/gcc/arm-linux-androideabi/4.4.3\libgcc.a(_udivsi3.o)
                              C:/android-ndk-r7c/toolchains/arm-linux-androideabi-4.4.3/prebuilt/windows/bin/../lib/gcc/arm-linux-androideabi/4.4.3\libgcc.a(_divdi3.o) (__aeabi_uidiv)
C:/android-ndk-r7c/toolchains/arm-linux-androideabi-4.4.3/prebuilt/windows/bin/../lib/gcc/arm-linux-androideabi/4.4.3\libgcc.a(_dvmd_lnx.o)
                              C:/android-ndk-r7c/toolchains/arm-linux-androideabi-4.4.3/prebuilt/windows/bin/../lib/gcc/arm-linux-androideabi/4.4.3\libgcc.a(_udivsi3.o) (__div0)

Discarded input sections

 _ZN7_JNIEnv9FindClassEPKc
                0x00000000        0x0 debug\s3eAndroidAppirater_platform.os
 _ZN7_JNIEnv17ExceptionOccurredEv
                0x00000000        0x0 debug\s3eAndroidAppirater_platform.os
 _ZN7_JNIEnv17ExceptionDescribeEv
                0x00000000        0x0 debug\s3eAndroidAppirater_platform.os
 _ZN7_JNIEnv14ExceptionClearEv
                0x00000000        0x0 debug\s3eAndroidAppirater_platform.os
 _ZN7_JNIEnv12NewGlobalRefEP8_jobject
                0x00000000        0x0 debug\s3eAndroidAppirater_platform.os
 _ZN7_JNIEnv15DeleteGlobalRefEP8_jobject
                0x00000000        0x0 debug\s3eAndroidAppirater_platform.os
 _ZN7_JNIEnv14DeleteLocalRefEP8_jobject
                0x00000000        0x0 debug\s3eAndroidAppirater_platform.os
 _ZN7_JNIEnv9NewObjectEP7_jclassP10_jmethodIDz
                0x00000000        0x0 debug\s3eAndroidAppirater_platform.os
 _ZN7_JNIEnv11GetMethodIDEP7_jclassPKcS3_
                0x00000000        0x0 debug\s3eAndroidAppirater_platform.os
 _ZN7_JNIEnv13CallIntMethodEP8_jobjectP10_jmethodIDz
                0x00000000        0x0 debug\s3eAndroidAppirater_platform.os
 _ZN7_JNIEnv12NewStringUTFEPKc
                0x00000000        0x0 debug\s3eAndroidAppirater_platform.os
 _ZN7_JavaVM6GetEnvEPPvi
                0x00000000        0x0 debug\s3eAndroidAppirater_platform.os
 .text          0x00000000        0x0 debug\s3eAndroidAppirater_platform.os
 .data          0x00000000        0x0 debug\s3eAndroidAppirater_platform.os
 .note.GNU-stack
                0x00000000        0x0 debug\s3eAndroidAppirater_platform.os
 .text          0x00000000        0x0 debug\s3eAndroidAppirater.os
 .data          0x00000000        0x0 debug\s3eAndroidAppirater.os
 .bss           0x00000000        0x0 debug\s3eAndroidAppirater.os
 .note.GNU-stack
                0x00000000        0x0 debug\s3eAndroidAppirater.os
 .text          0x00000000        0x0 debug\s3eAndroidAppirater_register.os
 .data          0x00000000        0x0 debug\s3eAndroidAppirater_register.os
 .bss           0x00000000        0x0 debug\s3eAndroidAppirater_register.os
 .note.GNU-stack
                0x00000000        0x0 debug\s3eAndroidAppirater_register.os
 .text          0x00000000        0x0 C:\marmalade\6.0\s3e\edk\lib\android\libedk.a(IwDebug.o)
 .data          0x00000000        0x0 C:\marmalade\6.0\s3e\edk\lib\android\libedk.a(IwDebug.o)
 .text.IwAssertRegisterTextCallback
                0x00000000        0x0 C:\marmalade\6.0\s3e\edk\lib\android\libedk.a(IwDebug.o)
 .ARM.extab.text.IwAssertRegisterTextCallback
                0x00000000        0x0 C:\marmalade\6.0\s3e\edk\lib\android\libedk.a(IwDebug.o)
 .ARM.exidx.text.IwAssertRegisterTextCallback
                0x00000000        0x0 C:\marmalade\6.0\s3e\edk\lib\android\libedk.a(IwDebug.o)
 .text.IwAssertRegisterCallback
                0x00000000        0x0 C:\marmalade\6.0\s3e\edk\lib\android\libedk.a(IwDebug.o)
 .ARM.extab.text.IwAssertRegisterCallback
                0x00000000        0x0 C:\marmalade\6.0\s3e\edk\lib\android\libedk.a(IwDebug.o)
 .ARM.exidx.text.IwAssertRegisterCallback
                0x00000000        0x0 C:\marmalade\6.0\s3e\edk\lib\android\libedk.a(IwDebug.o)
 .ARM.extab.text.IwDebugTraceSetTraceChannel
                0x00000000        0x0 C:\marmalade\6.0\s3e\edk\lib\android\libedk.a(IwDebug.o)
 .text.IwDebugErrorRegisterCallback
                0x00000000        0x0 C:\marmalade\6.0\s3e\edk\lib\android\libedk.a(IwDebug.o)
 .ARM.extab.text.IwDebugErrorRegisterCallback
                0x00000000        0x0 C:\marmalade\6.0\s3e\edk\lib\android\libedk.a(IwDebug.o)
 .ARM.exidx.text.IwDebugErrorRegisterCallback
                0x00000000        0x0 C:\marmalade\6.0\s3e\edk\lib\android\libedk.a(IwDebug.o)
 .text.IwDebugAssertSetUID
                0x00000000        0x0 C:\marmalade\6.0\s3e\edk\lib\android\libedk.a(IwDebug.o)
 .ARM.extab.text.IwDebugAssertSetUID
                0x00000000        0x0 C:\marmalade\6.0\s3e\edk\lib\android\libedk.a(IwDebug.o)
 .ARM.exidx.text.IwDebugAssertSetUID
                0x00000000        0x0 C:\marmalade\6.0\s3e\edk\lib\android\libedk.a(IwDebug.o)
 .ARM.extab.text._GLOBAL__I_g_DebugGlobals
                0x00000000        0x0 C:\marmalade\6.0\s3e\edk\lib\android\libedk.a(IwDebug.o)
 .text.IwDebugClearConfigCache
                0x00000000        0x0 C:\marmalade\6.0\s3e\edk\lib\android\libedk.a(IwDebug.o)
 .ARM.extab.text.IwDebugClearConfigCache
                0x00000000        0x0 C:\marmalade\6.0\s3e\edk\lib\android\libedk.a(IwDebug.o)
 .ARM.exidx.text.IwDebugClearConfigCache
                0x00000000        0x0 C:\marmalade\6.0\s3e\edk\lib\android\libedk.a(IwDebug.o)
 .text.IwDebugErrorShow
                0x00000000        0x0 C:\marmalade\6.0\s3e\edk\lib\android\libedk.a(IwDebug.o)
 .ARM.extab.text.IwDebugErrorShow
                0x00000000        0x0 C:\marmalade\6.0\s3e\edk\lib\android\libedk.a(IwDebug.o)
 .ARM.exidx.text.IwDebugErrorShow
                0x00000000        0x0 C:\marmalade\6.0\s3e\edk\lib\android\libedk.a(IwDebug.o)
 .ARM.extab.text.IwDebugTraceIsChannelOn
                0x00000000        0x0 C:\marmalade\6.0\s3e\edk\lib\android\libedk.a(IwDebug.o)
 .text.IwDebugAssertIsChannelOn
                0x00000000        0x0 C:\marmalade\6.0\s3e\edk\lib\android\libedk.a(IwDebug.o)
 .ARM.extab.text.IwDebugAssertIsChannelOn
                0x00000000        0x0 C:\marmalade\6.0\s3e\edk\lib\android\libedk.a(IwDebug.o)
 .ARM.exidx.text.IwDebugAssertIsChannelOn
                0x00000000        0x0 C:\marmalade\6.0\s3e\edk\lib\android\libedk.a(IwDebug.o)
 .text.IwDebugTraceDisable
                0x00000000        0x0 C:\marmalade\6.0\s3e\edk\lib\android\libedk.a(IwDebug.o)
 .ARM.extab.text.IwDebugTraceDisable
                0x00000000        0x0 C:\marmalade\6.0\s3e\edk\lib\android\libedk.a(IwDebug.o)
 .ARM.exidx.text.IwDebugTraceDisable
                0x00000000        0x0 C:\marmalade\6.0\s3e\edk\lib\android\libedk.a(IwDebug.o)
 .text.IwDebugAssertSetMessage
                0x00000000        0x0 C:\marmalade\6.0\s3e\edk\lib\android\libedk.a(IwDebug.o)
 .ARM.extab.text.IwDebugAssertSetMessage
                0x00000000        0x0 C:\marmalade\6.0\s3e\edk\lib\android\libedk.a(IwDebug.o)
 .ARM.exidx.text.IwDebugAssertSetMessage
                0x00000000        0x0 C:\marmalade\6.0\s3e\edk\lib\android\libedk.a(IwDebug.o)
 .text.IwDebugAssertSetSolution
                0x00000000        0x0 C:\marmalade\6.0\s3e\edk\lib\android\libedk.a(IwDebug.o)
 .ARM.extab.text.IwDebugAssertSetSolution
                0x00000000        0x0 C:\marmalade\6.0\s3e\edk\lib\android\libedk.a(IwDebug.o)
 .ARM.exidx.text.IwDebugAssertSetSolution
                0x00000000        0x0 C:\marmalade\6.0\s3e\edk\lib\android\libedk.a(IwDebug.o)
 .text.IwDebugAssertShow
                0x00000000        0x0 C:\marmalade\6.0\s3e\edk\lib\android\libedk.a(IwDebug.o)
 .ARM.extab.text.IwDebugAssertShow
                0x00000000        0x0 C:\marmalade\6.0\s3e\edk\lib\android\libedk.a(IwDebug.o)
 .ARM.exidx.text.IwDebugAssertShow
                0x00000000        0x0 C:\marmalade\6.0\s3e\edk\lib\android\libedk.a(IwDebug.o)
 .text.IwDebugTraceChannelSwitch
                0x00000000        0x0 C:\marmalade\6.0\s3e\edk\lib\android\libedk.a(IwDebug.o)
 .ARM.extab.text.IwDebugTraceChannelSwitch
                0x00000000        0x0 C:\marmalade\6.0\s3e\edk\lib\android\libedk.a(IwDebug.o)
 .ARM.exidx.text.IwDebugTraceChannelSwitch
                0x00000000        0x0 C:\marmalade\6.0\s3e\edk\lib\android\libedk.a(IwDebug.o)
 .note.GNU-stack
                0x00000000        0x0 C:\marmalade\6.0\s3e\edk\lib\android\libedk.a(IwDebug.o)
 .text          0x00000000        0x0 C:\marmalade\6.0\s3e\edk\lib\android\libedk.a(edk_helpers.o)
 .data          0x00000000        0x0 C:\marmalade\6.0\s3e\edk\lib\android\libedk.a(edk_helpers.o)
 .bss           0x00000000        0x0 C:\marmalade\6.0\s3e\edk\lib\android\libedk.a(edk_helpers.o)
 .text.s3eEdkThreadRunOnOSAsync
                0x00000000        0x0 C:\marmalade\6.0\s3e\edk\lib\android\libedk.a(edk_helpers.o)
 .ARM.extab.text.s3eEdkThreadRunOnOSAsync
                0x00000000        0x0 C:\marmalade\6.0\s3e\edk\lib\android\libedk.a(edk_helpers.o)
 .ARM.exidx.text.s3eEdkThreadRunOnOSAsync
                0x00000000        0x0 C:\marmalade\6.0\s3e\edk\lib\android\libedk.a(edk_helpers.o)
 .text.s3eEdkErrorSetString
                0x00000000        0x0 C:\marmalade\6.0\s3e\edk\lib\android\libedk.a(edk_helpers.o)
 .ARM.extab.text.s3eEdkErrorSetString
                0x00000000        0x0 C:\marmalade\6.0\s3e\edk\lib\android\libedk.a(edk_helpers.o)
 .ARM.exidx.text.s3eEdkErrorSetString
                0x00000000        0x0 C:\marmalade\6.0\s3e\edk\lib\android\libedk.a(edk_helpers.o)
 .note.GNU-stack
                0x00000000        0x0 C:\marmalade\6.0\s3e\edk\lib\android\libedk.a(edk_helpers.o)
 .data          0x00000000        0x0 C:/android-ndk-r7c/toolchains/arm-linux-androideabi-4.4.3/prebuilt/windows/bin/../lib/gcc/arm-linux-androideabi/4.4.3\libgcc.a(_aeabi_ldivmod.o)
 .bss           0x00000000        0x0 C:/android-ndk-r7c/toolchains/arm-linux-androideabi-4.4.3/prebuilt/windows/bin/../lib/gcc/arm-linux-androideabi/4.4.3\libgcc.a(_aeabi_ldivmod.o)
 .note.GNU-stack
                0x00000000        0x0 C:/android-ndk-r7c/toolchains/arm-linux-androideabi-4.4.3/prebuilt/windows/bin/../lib/gcc/arm-linux-androideabi/4.4.3\libgcc.a(_aeabi_ldivmod.o)
 .data          0x00000000        0x0 C:/android-ndk-r7c/toolchains/arm-linux-androideabi-4.4.3/prebuilt/windows/bin/../lib/gcc/arm-linux-androideabi/4.4.3\libgcc.a(bpabi.o)
 .bss           0x00000000        0x0 C:/android-ndk-r7c/toolchains/arm-linux-androideabi-4.4.3/prebuilt/windows/bin/../lib/gcc/arm-linux-androideabi/4.4.3\libgcc.a(bpabi.o)
 .ARM.extab     0x00000000        0x0 C:/android-ndk-r7c/toolchains/arm-linux-androideabi-4.4.3/prebuilt/windows/bin/../lib/gcc/arm-linux-androideabi/4.4.3\libgcc.a(bpabi.o)
 .note.GNU-stack
                0x00000000        0x0 C:/android-ndk-r7c/toolchains/arm-linux-androideabi-4.4.3/prebuilt/windows/bin/../lib/gcc/arm-linux-androideabi/4.4.3\libgcc.a(bpabi.o)
 .data          0x00000000        0x0 C:/android-ndk-r7c/toolchains/arm-linux-androideabi-4.4.3/prebuilt/windows/bin/../lib/gcc/arm-linux-androideabi/4.4.3\libgcc.a(unwind-arm.o)
 .bss           0x00000000        0x0 C:/android-ndk-r7c/toolchains/arm-linux-androideabi-4.4.3/prebuilt/windows/bin/../lib/gcc/arm-linux-androideabi/4.4.3\libgcc.a(unwind-arm.o)
 .note.GNU-stack
                0x00000000        0x0 C:/android-ndk-r7c/toolchains/arm-linux-androideabi-4.4.3/prebuilt/windows/bin/../lib/gcc/arm-linux-androideabi/4.4.3\libgcc.a(unwind-arm.o)
 .data          0x00000000        0x0 C:/android-ndk-r7c/toolchains/arm-linux-androideabi-4.4.3/prebuilt/windows/bin/../lib/gcc/arm-linux-androideabi/4.4.3\libgcc.a(libunwind.o)
 .bss           0x00000000        0x0 C:/android-ndk-r7c/toolchains/arm-linux-androideabi-4.4.3/prebuilt/windows/bin/../lib/gcc/arm-linux-androideabi/4.4.3\libgcc.a(libunwind.o)
 .note.GNU-stack
                0x00000000        0x0 C:/android-ndk-r7c/toolchains/arm-linux-androideabi-4.4.3/prebuilt/windows/bin/../lib/gcc/arm-linux-androideabi/4.4.3\libgcc.a(libunwind.o)
 .data          0x00000000        0x0 C:/android-ndk-r7c/toolchains/arm-linux-androideabi-4.4.3/prebuilt/windows/bin/../lib/gcc/arm-linux-androideabi/4.4.3\libgcc.a(pr-support.o)
 .bss           0x00000000        0x0 C:/android-ndk-r7c/toolchains/arm-linux-androideabi-4.4.3/prebuilt/windows/bin/../lib/gcc/arm-linux-androideabi/4.4.3\libgcc.a(pr-support.o)
 .ARM.extab     0x00000000        0x0 C:/android-ndk-r7c/toolchains/arm-linux-androideabi-4.4.3/prebuilt/windows/bin/../lib/gcc/arm-linux-androideabi/4.4.3\libgcc.a(pr-support.o)
 .note.GNU-stack
                0x00000000        0x0 C:/android-ndk-r7c/toolchains/arm-linux-androideabi-4.4.3/prebuilt/windows/bin/../lib/gcc/arm-linux-androideabi/4.4.3\libgcc.a(pr-support.o)
 .data          0x00000000        0x0 C:/android-ndk-r7c/toolchains/arm-linux-androideabi-4.4.3/prebuilt/windows/bin/../lib/gcc/arm-linux-androideabi/4.4.3\libgcc.a(_divdi3.o)
 .bss           0x00000000        0x0 C:/android-ndk-r7c/toolchains/arm-linux-androideabi-4.4.3/prebuilt/windows/bin/../lib/gcc/arm-linux-androideabi/4.4.3\libgcc.a(_divdi3.o)
 .ARM.extab     0x00000000        0x0 C:/android-ndk-r7c/toolchains/arm-linux-androideabi-4.4.3/prebuilt/windows/bin/../lib/gcc/arm-linux-androideabi/4.4.3\libgcc.a(_divdi3.o)
 .note.GNU-stack
                0x00000000        0x0 C:/android-ndk-r7c/toolchains/arm-linux-androideabi-4.4.3/prebuilt/windows/bin/../lib/gcc/arm-linux-androideabi/4.4.3\libgcc.a(_divdi3.o)
 .data          0x00000000        0x0 C:/android-ndk-r7c/toolchains/arm-linux-androideabi-4.4.3/prebuilt/windows/bin/../lib/gcc/arm-linux-androideabi/4.4.3\libgcc.a(_udivdi3.o)
 .bss           0x00000000        0x0 C:/android-ndk-r7c/toolchains/arm-linux-androideabi-4.4.3/prebuilt/windows/bin/../lib/gcc/arm-linux-androideabi/4.4.3\libgcc.a(_udivdi3.o)
 .ARM.extab     0x00000000        0x0 C:/android-ndk-r7c/toolchains/arm-linux-androideabi-4.4.3/prebuilt/windows/bin/../lib/gcc/arm-linux-androideabi/4.4.3\libgcc.a(_udivdi3.o)
 .note.GNU-stack
                0x00000000        0x0 C:/android-ndk-r7c/toolchains/arm-linux-androideabi-4.4.3/prebuilt/windows/bin/../lib/gcc/arm-linux-androideabi/4.4.3\libgcc.a(_udivdi3.o)
 .data          0x00000000        0x0 C:/android-ndk-r7c/toolchains/arm-linux-androideabi-4.4.3/prebuilt/windows/bin/../lib/gcc/arm-linux-androideabi/4.4.3\libgcc.a(_udivsi3.o)
 .bss           0x00000000        0x0 C:/android-ndk-r7c/toolchains/arm-linux-androideabi-4.4.3/prebuilt/windows/bin/../lib/gcc/arm-linux-androideabi/4.4.3\libgcc.a(_udivsi3.o)
 .note.GNU-stack
                0x00000000        0x0 C:/android-ndk-r7c/toolchains/arm-linux-androideabi-4.4.3/prebuilt/windows/bin/../lib/gcc/arm-linux-androideabi/4.4.3\libgcc.a(_udivsi3.o)
 .data          0x00000000        0x0 C:/android-ndk-r7c/toolchains/arm-linux-androideabi-4.4.3/prebuilt/windows/bin/../lib/gcc/arm-linux-androideabi/4.4.3\libgcc.a(_dvmd_lnx.o)
 .bss           0x00000000        0x0 C:/android-ndk-r7c/toolchains/arm-linux-androideabi-4.4.3/prebuilt/windows/bin/../lib/gcc/arm-linux-androideabi/4.4.3\libgcc.a(_dvmd_lnx.o)
 .note.GNU-stack
                0x00000000        0x0 C:/android-ndk-r7c/toolchains/arm-linux-androideabi-4.4.3/prebuilt/windows/bin/../lib/gcc/arm-linux-androideabi/4.4.3\libgcc.a(_dvmd_lnx.o)

Memory Configuration

Name             Origin             Length             Attributes
*default*        0x00000000         0xffffffff

Linker script and memory map

LOAD debug\s3eAndroidAppirater_platform.os
LOAD debug\s3eAndroidAppirater.os
LOAD debug\s3eAndroidAppirater_register.os
LOAD C:\marmalade\6.0\s3e\edk\lib\android\libedk.a
LOAD C:\marmalade\6.0\s3e\edk\lib\android/libplaceholderplaceholderplaceholderplaceholderplaceholder.so
LOAD C:\android-ndk-r7c\platforms\android-9\arch-arm\usr\lib/libc.so
LOAD C:\android-ndk-r7c\platforms\android-9\arch-arm\usr\lib/libm.so
LOAD C:\android-ndk-r7c\platforms\android-9\arch-arm\usr\lib/liblog.so
LOAD C:\android-ndk-r7c\platforms\android-9\arch-arm\usr\lib/libstdc++.so
LOAD C:/android-ndk-r7c/toolchains/arm-linux-androideabi-4.4.3/prebuilt/windows/bin/../lib/gcc/arm-linux-androideabi/4.4.3\libgcc.a
                0x000000d4                . = (0x0 + SIZEOF_HEADERS)

.note.gnu.build-id
 *(.note.gnu.build-id)

.hash           0x000000d4      0x28c
 *(.hash)
 .hash          0x000000d4      0x28c debug\s3eAndroidAppirater_platform.os

.gnu.hash
 *(.gnu.hash)

.dynsym         0x00000360      0x5e0
 *(.dynsym)
 .dynsym        0x00000360      0x5e0 debug\s3eAndroidAppirater_platform.os

.dynstr         0x00000940      0x604
 *(.dynstr)
 .dynstr        0x00000940      0x604 debug\s3eAndroidAppirater_platform.os

.gnu.version    0x00000f44        0x0
 *(.gnu.version)
 .gnu.version   0x00000000        0x0 debug\s3eAndroidAppirater_platform.os

.gnu.version_d  0x00000f44        0x0
 *(.gnu.version_d)
 .gnu.version_d
                0x00000000        0x0 debug\s3eAndroidAppirater_platform.os

.gnu.version_r  0x00000f44        0x0
 *(.gnu.version_r)
 .gnu.version_r
                0x00000000        0x0 debug\s3eAndroidAppirater_platform.os

.rel.dyn        0x00000f44       0xa8
 *(.rel.init)
 *(.rel.text .rel.text.* .rel.gnu.linkonce.t.*)
 .rel.text.IwAssertRegisterTextCallback
                0x00000000        0x0 debug\s3eAndroidAppirater_platform.os
 .rel.text.IwAssertRegisterCallback
                0x00000000        0x0 debug\s3eAndroidAppirater_platform.os
 .rel.text.IwDebugTraceSetTraceChannel
                0x00000f44        0x8 debug\s3eAndroidAppirater_platform.os
 .rel.text.IwDebugErrorRegisterCallback
                0x00000000        0x0 debug\s3eAndroidAppirater_platform.os
 .rel.text.IwDebugAssertSetUID
                0x00000000        0x0 debug\s3eAndroidAppirater_platform.os
 .rel.text._GLOBAL__I_g_DebugGlobals
                0x00000f4c        0x8 debug\s3eAndroidAppirater_platform.os
 .rel.text.IwDebugClearConfigCache
                0x00000000        0x0 debug\s3eAndroidAppirater_platform.os
 .rel.text.IwDebugErrorShow
                0x00000000        0x0 debug\s3eAndroidAppirater_platform.os
 .rel.text.IwDebugTraceLineVPrintf
                0x00000f54       0x20 debug\s3eAndroidAppirater_platform.os
 .rel.text.IwDebugTraceIsChannelOn
                0x00000f74       0x18 debug\s3eAndroidAppirater_platform.os
 .rel.text.IwDebugAssertIsChannelOn
                0x00000000        0x0 debug\s3eAndroidAppirater_platform.os
 .rel.text.IwDebugAssertSetMessage
                0x00000000        0x0 debug\s3eAndroidAppirater_platform.os
 .rel.text.IwDebugAssertSetSolution
                0x00000000        0x0 debug\s3eAndroidAppirater_platform.os
 .rel.text.IwDebugAssertShow
                0x00000000        0x0 debug\s3eAndroidAppirater_platform.os
 .rel.text.IwDebugTraceChannelSwitch
                0x00000000        0x0 debug\s3eAndroidAppirater_platform.os
 *(.rel.fini)
 *(.rel.rodata .rel.rodata.* .rel.gnu.linkonce.r.*)
 *(.rel.data.rel.ro* .rel.gnu.linkonce.d.rel.ro.*)
 *(.rel.data .rel.data.* .rel.gnu.linkonce.d.*)
 *(.rel.tdata .rel.tdata.* .rel.gnu.linkonce.td.*)
 *(.rel.tbss .rel.tbss.* .rel.gnu.linkonce.tb.*)
 *(.rel.ctors)
 *(.rel.dtors)
 *(.rel.got)
 .rel.got       0x00000f8c       0x58 debug\s3eAndroidAppirater_platform.os
 *(.rel.bss .rel.bss.* .rel.gnu.linkonce.b.*)
 .rel.init_array
                0x00000fe4        0x8 debug\s3eAndroidAppirater_platform.os

.rela.dyn
 *(.rela.init)
 *(.rela.text .rela.text.* .rela.gnu.linkonce.t.*)
 *(.rela.fini)
 *(.rela.rodata .rela.rodata.* .rela.gnu.linkonce.r.*)
 *(.rela.data .rela.data.* .rela.gnu.linkonce.d.*)
 *(.rela.tdata .rela.tdata.* .rela.gnu.linkonce.td.*)
 *(.rela.tbss .rela.tbss.* .rela.gnu.linkonce.tb.*)
 *(.rela.ctors)
 *(.rela.dtors)
 *(.rela.got)
 *(.rela.bss .rela.bss.* .rela.gnu.linkonce.b.*)

.rel.plt        0x00000fec       0x98
 *(.rel.plt)
 .rel.plt       0x00000fec       0x98 debug\s3eAndroidAppirater_platform.os

.rela.plt
 *(.rela.plt)

.init
 *(.init)

.plt            0x00001084       0xf8
 *(.plt)
 .plt           0x00001084       0xf8 debug\s3eAndroidAppirater_platform.os

.text           0x0000117c     0x2dd0
 *(.text .stub .text.* .gnu.linkonce.t.*)
 .text._ZN7_JNIEnv9FindClassEPKc
                0x0000117c       0x40 debug\s3eAndroidAppirater_platform.os
                0x0000117c                _JNIEnv::FindClass(char const*)
 .text._ZN7_JNIEnv17ExceptionOccurredEv
                0x000011bc       0x38 debug\s3eAndroidAppirater_platform.os
                0x000011bc                _JNIEnv::ExceptionOccurred()
 .text._ZN7_JNIEnv17ExceptionDescribeEv
                0x000011f4       0x30 debug\s3eAndroidAppirater_platform.os
                0x000011f4                _JNIEnv::ExceptionDescribe()
 .text._ZN7_JNIEnv14ExceptionClearEv
                0x00001224       0x30 debug\s3eAndroidAppirater_platform.os
                0x00001224                _JNIEnv::ExceptionClear()
 .text._ZN7_JNIEnv12NewGlobalRefEP8_jobject
                0x00001254       0x40 debug\s3eAndroidAppirater_platform.os
                0x00001254                _JNIEnv::NewGlobalRef(_jobject*)
 .text._ZN7_JNIEnv15DeleteGlobalRefEP8_jobject
                0x00001294       0x38 debug\s3eAndroidAppirater_platform.os
                0x00001294                _JNIEnv::DeleteGlobalRef(_jobject*)
 .text._ZN7_JNIEnv14DeleteLocalRefEP8_jobject
                0x000012cc       0x38 debug\s3eAndroidAppirater_platform.os
                0x000012cc                _JNIEnv::DeleteLocalRef(_jobject*)
 .text._ZN7_JNIEnv9NewObjectEP7_jclassP10_jmethodIDz
                0x00001304       0x60 debug\s3eAndroidAppirater_platform.os
                0x00001304                _JNIEnv::NewObject(_jclass*, _jmethodID*, ...)
 .text._ZN7_JNIEnv11GetMethodIDEP7_jclassPKcS3_
                0x00001364       0x50 debug\s3eAndroidAppirater_platform.os
                0x00001364                _JNIEnv::GetMethodID(_jclass*, char const*, char const*)
 .text._ZN7_JNIEnv13CallIntMethodEP8_jobjectP10_jmethodIDz
                0x000013b4       0x60 debug\s3eAndroidAppirater_platform.os
                0x000013b4                _JNIEnv::CallIntMethod(_jobject*, _jmethodID*, ...)
 .text._ZN7_JNIEnv12NewStringUTFEPKc
                0x00001414       0x40 debug\s3eAndroidAppirater_platform.os
                0x00001414                _JNIEnv::NewStringUTF(char const*)
 .text._ZN7_JavaVM6GetEnvEPPvi
                0x00001454       0x48 debug\s3eAndroidAppirater_platform.os
                0x00001454                _JavaVM::GetEnv(void**, int)
 .text._ZL15s3eEdkJNIGetEnvv
                0x0000149c       0x48 debug\s3eAndroidAppirater_platform.os
 .text._ZL27s3eEdkAndroidFindClass_realPKc
                0x000014e4       0x7c debug\s3eAndroidAppirater_platform.os
 .text._ZL22s3eEdkAndroidFindClassPKc
                0x00001560       0x3c debug\s3eAndroidAppirater_platform.os
 .text._Z32s3eAndroidAppiraterInit_platformv
                0x0000159c      0x2b4 debug\s3eAndroidAppirater_platform.os
                0x0000159c                s3eAndroidAppiraterInit_platform()
 .text._Z37s3eAndroidAppiraterTerminate_platformv
                0x00001850        0x4 debug\s3eAndroidAppirater_platform.os
                0x00001850                s3eAndroidAppiraterTerminate_platform()
 .text._Z22AppiraterInit_platformPKcS0_iii
                0x00001854       0xb4 debug\s3eAndroidAppirater_platform.os
                0x00001854                AppiraterInit_platform(char const*, char const*, int, int, int)
 .text._Z30AppiraterEventOccured_platformv
                0x00001908       0x58 debug\s3eAndroidAppirater_platform.os
                0x00001908                AppiraterEventOccured_platform()
 .text._Z23s3eAndroidAppiraterInitv
                0x00001960       0x18 debug\s3eAndroidAppirater.os
                0x00001960                s3eAndroidAppiraterInit()
 .text._Z28s3eAndroidAppiraterTerminatev
                0x00001978       0x10 debug\s3eAndroidAppirater.os
                0x00001978                s3eAndroidAppiraterTerminate()
 .text.AppiraterInit
                0x00001988       0x48 debug\s3eAndroidAppirater.os
                0x00001988                AppiraterInit
 .text.AppiraterEventOccured
                0x000019d0       0x18 debug\s3eAndroidAppirater.os
                0x000019d0                AppiraterEventOccured
 .text._ZL18AppiraterInit_wrapPKcS0_iii
                0x000019e8       0xcc debug\s3eAndroidAppirater_register.os
 .text._ZL26AppiraterEventOccured_wrapv
                0x00001ab4       0x94 debug\s3eAndroidAppirater_register.os
 .text._Z30s3eAndroidAppiraterRegisterExtv
                0x00001b48       0xa0 debug\s3eAndroidAppirater_register.os
                0x00001b48                s3eAndroidAppiraterRegisterExt()
 .text.RegisterExt
                0x00001be8       0x10 debug\s3eAndroidAppirater_register.os
                0x00001be8                RegisterExt
 .text.IwDebugTraceSetTraceChannel
                0x00001bf8       0x18 C:\marmalade\6.0\s3e\edk\lib\android\libedk.a(IwDebug.o)
                0x00001bf8                IwDebugTraceSetTraceChannel
 .text._GLOBAL__I_g_DebugGlobals
                0x00001c10       0x8c C:\marmalade\6.0\s3e\edk\lib\android\libedk.a(IwDebug.o)
 .text.IwDebugTraceLineVPrintf
                0x00001c9c       0xe8 C:\marmalade\6.0\s3e\edk\lib\android\libedk.a(IwDebug.o)
                0x00001c9c                IwDebugTraceLineVPrintf
 .text.IwDebugTraceLinePrintf
                0x00001d84       0x30 C:\marmalade\6.0\s3e\edk\lib\android\libedk.a(IwDebug.o)
                0x00001d84                IwDebugTraceLinePrintf
 .text.IwDebugTraceIsChannelOn
                0x00001db4      0x278 C:\marmalade\6.0\s3e\edk\lib\android\libedk.a(IwDebug.o)
                0x00001db4                IwDebugTraceIsChannelOn
 .text.s3eEdkThreadRunOnOS
                0x0000202c       0x30 C:\marmalade\6.0\s3e\edk\lib\android\libedk.a(edk_helpers.o)
                0x0000202c                s3eEdkThreadRunOnOS
 .text          0x0000205c       0x1c C:/android-ndk-r7c/toolchains/arm-linux-androideabi-4.4.3/prebuilt/windows/bin/../lib/gcc/arm-linux-androideabi/4.4.3\libgcc.a(_aeabi_ldivmod.o)
                0x0000205c                __aeabi_ldivmod
 .text          0x00002078       0x88 C:/android-ndk-r7c/toolchains/arm-linux-androideabi-4.4.3/prebuilt/windows/bin/../lib/gcc/arm-linux-androideabi/4.4.3\libgcc.a(bpabi.o)
                0x00002078                __gnu_uldivmod_helper
                0x000020bc                __gnu_ldivmod_helper
 .text          0x00002100      0xec4 C:/android-ndk-r7c/toolchains/arm-linux-androideabi-4.4.3/prebuilt/windows/bin/../lib/gcc/arm-linux-androideabi/4.4.3\libgcc.a(unwind-arm.o)
                0x00002b28                __gnu_Unwind_RaiseException
                0x00002680                __aeabi_unwind_cpp_pr0
                0x000021b0                _Unwind_GetCFA
                0x0000214c                _Unwind_VRS_Set
                0x000028c4                __gnu_Unwind_Backtrace
                0x00002c58                _Unwind_VRS_Pop
                0x00002670                __aeabi_unwind_cpp_pr2
                0x000021bc                _Unwind_DeleteException
                0x000021b8                _Unwind_Complete
                0x00002bec                __gnu_Unwind_Resume
                0x00002ab4                __gnu_Unwind_ForcedUnwind
                0x00002bcc                __gnu_Unwind_Resume_or_Rethrow
                0x00002100                _Unwind_VRS_Get
                0x00002678                __aeabi_unwind_cpp_pr1
 .text          0x00002fc4      0x1a8 C:/android-ndk-r7c/toolchains/arm-linux-androideabi-4.4.3/prebuilt/windows/bin/../lib/gcc/arm-linux-androideabi/4.4.3\libgcc.a(libunwind.o)
                0x00003124                ___Unwind_ForcedUnwind
                0x00002fe0                __gnu_Unwind_Save_VFP
                0x00003100                _Unwind_Resume_or_Rethrow
                0x00003100                ___Unwind_Resume_or_Rethrow
                0x00003148                _Unwind_Backtrace
                0x00002fc4                __restore_core_regs
                0x00003000                __gnu_Unwind_Save_VFP_D_16_to_31
                0x00002ff0                __gnu_Unwind_Save_VFP_D
                0x00003148                ___Unwind_Backtrace
                0x000030b8                ___Unwind_RaiseException
                0x000030dc                ___Unwind_Resume
                0x00003008                __gnu_Unwind_Restore_WMMXD
                0x00002fd8                __gnu_Unwind_Restore_VFP
                0x000030dc                _Unwind_Resume
                0x00002fe8                __gnu_Unwind_Restore_VFP_D
                0x00002ff8                __gnu_Unwind_Restore_VFP_D_16_to_31
                0x000030b8                _Unwind_RaiseException
                0x00002fc4                restore_core_regs
                0x000030a4                __gnu_Unwind_Save_WMMXC
                0x00003090                __gnu_Unwind_Restore_WMMXC
                0x00003124                _Unwind_ForcedUnwind
                0x0000304c                __gnu_Unwind_Save_WMMXD
 .text          0x0000316c      0x484 C:/android-ndk-r7c/toolchains/arm-linux-androideabi-4.4.3/prebuilt/windows/bin/../lib/gcc/arm-linux-androideabi/4.4.3\libgcc.a(pr-support.o)
                0x0000320c                _Unwind_GetRegionStart
                0x00003238                __gnu_unwind_execute
                0x000031c4                _Unwind_GetTextRelBase
                0x000031d4                _Unwind_GetLanguageSpecificData
                0x000035b0                __gnu_unwind_frame
                0x000031cc                _Unwind_GetDataRelBase
 .text          0x000035f0      0x47c C:/android-ndk-r7c/toolchains/arm-linux-androideabi-4.4.3/prebuilt/windows/bin/../lib/gcc/arm-linux-androideabi/4.4.3\libgcc.a(_divdi3.o)
                0x000035f0                __divdi3
 .text          0x00003a6c      0x40c C:/android-ndk-r7c/toolchains/arm-linux-androideabi-4.4.3/prebuilt/windows/bin/../lib/gcc/arm-linux-androideabi/4.4.3\libgcc.a(_udivdi3.o)
                0x00003a6c                __udivdi3
 .text          0x00003e78       0xc4 C:/android-ndk-r7c/toolchains/arm-linux-androideabi-4.4.3/prebuilt/windows/bin/../lib/gcc/arm-linux-androideabi/4.4.3\libgcc.a(_udivsi3.o)
                0x00003e78                __udivsi3
                0x00003e78                __aeabi_uidiv
                0x00003f24                __aeabi_uidivmod
 .text          0x00003f3c       0x10 C:/android-ndk-r7c/toolchains/arm-linux-androideabi-4.4.3/prebuilt/windows/bin/../lib/gcc/arm-linux-androideabi/4.4.3\libgcc.a(_dvmd_lnx.o)
                0x00003f3c                __div0
 *(.gnu.warning)
 *(.glue_7t)
 .glue_7t       0x00000000        0x0 linker stubs
 *(.glue_7)
 .glue_7        0x00000000        0x0 linker stubs
 *(.vfp11_veneer)
 .vfp11_veneer  0x00000000        0x0 linker stubs
 *(.v4_bx)
 .v4_bx         0x00000000        0x0 linker stubs

.fini
 *(.fini)
                0x00003f4c                PROVIDE (__etext, .)
                0x00003f4c                PROVIDE (_etext, .)
                0x00003f4c                PROVIDE (etext, .)

.rodata         0x00003f4c      0x2ac
 *(.rodata .rodata.* .gnu.linkonce.r.*)
 .rodata        0x00003f4c       0xd8 debug\s3eAndroidAppirater_platform.os
 .rodata        0x00004024       0xb8 debug\s3eAndroidAppirater_register.os
 .rodata.str1.4
                0x000040dc      0x11c C:\marmalade\6.0\s3e\edk\lib\android\libedk.a(IwDebug.o)
                                0x120 (size before relaxing)

.rodata1
 *(.rodata1)

.ARM.extab      0x000041f8       0x48
 *(.ARM.extab* .gnu.linkonce.armextab.*)
 .ARM.extab.text.IwDebugTraceLineVPrintf
                0x000041f8        0xc C:\marmalade\6.0\s3e\edk\lib\android\libedk.a(IwDebug.o)
 .ARM.extab.text.IwDebugTraceLinePrintf
                0x00004204        0xc C:\marmalade\6.0\s3e\edk\lib\android\libedk.a(IwDebug.o)
 .ARM.extab.text.s3eEdkThreadRunOnOS
                0x00004210        0xc C:\marmalade\6.0\s3e\edk\lib\android\libedk.a(edk_helpers.o)
 .ARM.extab     0x0000421c       0x24 C:/android-ndk-r7c/toolchains/arm-linux-androideabi-4.4.3/prebuilt/windows/bin/../lib/gcc/arm-linux-androideabi/4.4.3\libgcc.a(unwind-arm.o)
                0x00004240                __exidx_start = .

.ARM.exidx      0x00004240      0x128
 *(.ARM.exidx* .gnu.linkonce.armexidx.*)
 .ARM.exidx.text.IwDebugTraceSetTraceChannel
                0x00004240        0x8 C:\marmalade\6.0\s3e\edk\lib\android\libedk.a(IwDebug.o)
 .ARM.exidx.text._GLOBAL__I_g_DebugGlobals
                0x00004248        0x8 C:\marmalade\6.0\s3e\edk\lib\android\libedk.a(IwDebug.o)
 .ARM.exidx.text.IwDebugTraceLineVPrintf
                0x00004250        0x8 C:\marmalade\6.0\s3e\edk\lib\android\libedk.a(IwDebug.o)
 .ARM.exidx.text.IwDebugTraceLinePrintf
                0x00004258        0x8 C:\marmalade\6.0\s3e\edk\lib\android\libedk.a(IwDebug.o)
 .ARM.exidx.text.IwDebugTraceIsChannelOn
                0x00004260        0x8 C:\marmalade\6.0\s3e\edk\lib\android\libedk.a(IwDebug.o)
 .ARM.exidx.text.s3eEdkThreadRunOnOS
                0x00004268        0x8 C:\marmalade\6.0\s3e\edk\lib\android\libedk.a(edk_helpers.o)
 .ARM.exidx     0x00004270       0x10 C:/android-ndk-r7c/toolchains/arm-linux-androideabi-4.4.3/prebuilt/windows/bin/../lib/gcc/arm-linux-androideabi/4.4.3\libgcc.a(bpabi.o)
 .ARM.exidx     0x00004280       0xa0 C:/android-ndk-r7c/toolchains/arm-linux-androideabi-4.4.3/prebuilt/windows/bin/../lib/gcc/arm-linux-androideabi/4.4.3\libgcc.a(unwind-arm.o)
 .ARM.exidx     0x00004320       0x38 C:/android-ndk-r7c/toolchains/arm-linux-androideabi-4.4.3/prebuilt/windows/bin/../lib/gcc/arm-linux-androideabi/4.4.3\libgcc.a(pr-support.o)
 .ARM.exidx     0x00004358        0x8 C:/android-ndk-r7c/toolchains/arm-linux-androideabi-4.4.3/prebuilt/windows/bin/../lib/gcc/arm-linux-androideabi/4.4.3\libgcc.a(_divdi3.o)
 .ARM.exidx     0x00004360        0x8 C:/android-ndk-r7c/toolchains/arm-linux-androideabi-4.4.3/prebuilt/windows/bin/../lib/gcc/arm-linux-androideabi/4.4.3\libgcc.a(_udivdi3.o)
                0x00004368                __exidx_end = .

.eh_frame_hdr
 *(.eh_frame_hdr)

.eh_frame
 *(.eh_frame)

.gcc_except_table
 *(.gcc_except_table .gcc_except_table.*)
                0x00004368                . = (ALIGN (0x1000) - ((0x1000 - .) & 0xfff))
                0x00005368                . = (0x1000 DATA_SEGMENT_ALIGN 0x1000)

.eh_frame
 *(.eh_frame)

.gcc_except_table
 *(.gcc_except_table .gcc_except_table.*)

.tdata
 *(.tdata .tdata.* .gnu.linkonce.td.*)

.tbss
 *(.tbss .tbss.* .gnu.linkonce.tb.*)
 *(.tcommon)

.preinit_array
 *(.preinit_array)

.init_array     0x00005368        0x4
 *(SORT(.init_array.*))
 *(.init_array)
 .init_array    0x00005368        0x4 C:\marmalade\6.0\s3e\edk\lib\android\libedk.a(IwDebug.o)

.fini_array
 *(.fini_array)
 *(SORT(.fini_array.*))

.ctors
 *crtbegin.o(.ctors)
 *crtbegin?.o(.ctors)
 *(EXCLUDE_FILE(*crtend?.o *crtend.o) .ctors)
 *(SORT(.ctors.*))
 *(.ctors)

.dtors
 *crtbegin.o(.dtors)
 *crtbegin?.o(.dtors)
 *(EXCLUDE_FILE(*crtend?.o *crtend.o) .dtors)
 *(SORT(.dtors.*))
 *(.dtors)

.jcr
 *(.jcr)

.data.rel.ro
 *(.data.rel.ro.local* .gnu.linkonce.d.rel.ro.local.*)
 *(.data.rel.ro* .gnu.linkonce.d.rel.ro.*)

.dynamic        0x0000536c       0xc0
 *(.dynamic)
 .dynamic       0x0000536c       0xc0 debug\s3eAndroidAppirater_platform.os
                0x0000536c                _DYNAMIC
                0x0000542c                . = (. DATA_SEGMENT_RELRO_END 0x0)

.got            0x0000542c       0x84
 *(.got.plt)
 .got.plt       0x0000542c       0x58 debug\s3eAndroidAppirater_platform.os
                0x0000542c                _GLOBAL_OFFSET_TABLE_
 *(.got)
 .got           0x00005484       0x2c debug\s3eAndroidAppirater_platform.os

.data           0x000054b0        0x0
                0x000054b0                __data_start = .
 *(.data .data.* .gnu.linkonce.d.*)

.data1
 *(.data1)
                0x000054b0                _edata = .
                0x000054b0                PROVIDE (edata, .)
                0x000054b0                __bss_start = .
                0x000054b0                __bss_start__ = .

.bss            0x000054b0     0x1a34
 *(.dynbss)
 .dynbss        0x00000000        0x0 debug\s3eAndroidAppirater_platform.os
 *(.bss .bss.* .gnu.linkonce.b.*)
 .bss           0x000054b0        0xc debug\s3eAndroidAppirater_platform.os
 .bss           0x000054bc     0x1a28 C:\marmalade\6.0\s3e\edk\lib\android\libedk.a(IwDebug.o)
                0x000054bc                g_DebugGlobals
 *(COMMON)
                0x00006ee4                . = ALIGN ((. != 0x0)?0x4:0x1)
                0x00006ee4                _bss_end__ = .
                0x00006ee4                __bss_end__ = .
                0x00006ee4                . = ALIGN (0x4)
                0x00006ee4                . = ALIGN (0x4)
                0x00006ee4                __end__ = .
                0x00006ee4                _end = .
                0x00006ee4                PROVIDE (end, .)
                0x00006ee4                . = DATA_SEGMENT_END (.)

.stab
 *(.stab)

.stabstr
 *(.stabstr)

.stab.excl
 *(.stab.excl)

.stab.exclstr
 *(.stab.exclstr)

.stab.index
 *(.stab.index)

.stab.indexstr
 *(.stab.indexstr)

.comment        0x00000000       0xe6
 *(.comment)
 .comment       0x00000000       0x12 debug\s3eAndroidAppirater_platform.os
 .comment       0x00000012       0x12 debug\s3eAndroidAppirater.os
 .comment       0x00000024       0x12 debug\s3eAndroidAppirater_register.os
 .comment       0x00000036       0x2b C:\marmalade\6.0\s3e\edk\lib\android\libedk.a(IwDebug.o)
 .comment       0x00000061       0x2b C:\marmalade\6.0\s3e\edk\lib\android\libedk.a(edk_helpers.o)
 .comment       0x0000008c       0x12 C:/android-ndk-r7c/toolchains/arm-linux-androideabi-4.4.3/prebuilt/windows/bin/../lib/gcc/arm-linux-androideabi/4.4.3\libgcc.a(bpabi.o)
 .comment       0x0000009e       0x12 C:/android-ndk-r7c/toolchains/arm-linux-androideabi-4.4.3/prebuilt/windows/bin/../lib/gcc/arm-linux-androideabi/4.4.3\libgcc.a(unwind-arm.o)
 .comment       0x000000b0       0x12 C:/android-ndk-r7c/toolchains/arm-linux-androideabi-4.4.3/prebuilt/windows/bin/../lib/gcc/arm-linux-androideabi/4.4.3\libgcc.a(pr-support.o)
 .comment       0x000000c2       0x12 C:/android-ndk-r7c/toolchains/arm-linux-androideabi-4.4.3/prebuilt/windows/bin/../lib/gcc/arm-linux-androideabi/4.4.3\libgcc.a(_divdi3.o)
 .comment       0x000000d4       0x12 C:/android-ndk-r7c/toolchains/arm-linux-androideabi-4.4.3/prebuilt/windows/bin/../lib/gcc/arm-linux-androideabi/4.4.3\libgcc.a(_udivdi3.o)

.debug
 *(.debug)

.line
 *(.line)

.debug_srcinfo
 *(.debug_srcinfo)

.debug_sfnames
 *(.debug_sfnames)

.debug_aranges  0x00000000      0x240
 *(.debug_aranges)
 .debug_aranges
                0x00000000       0xb0 debug\s3eAndroidAppirater_platform.os
 .debug_aranges
                0x000000b0       0x38 debug\s3eAndroidAppirater.os
 .debug_aranges
                0x000000e8       0x38 debug\s3eAndroidAppirater_register.os
 .debug_aranges
                0x00000120       0x20 C:/android-ndk-r7c/toolchains/arm-linux-androideabi-4.4.3/prebuilt/windows/bin/../lib/gcc/arm-linux-androideabi/4.4.3\libgcc.a(_aeabi_ldivmod.o)
 .debug_aranges
                0x00000140       0x20 C:/android-ndk-r7c/toolchains/arm-linux-androideabi-4.4.3/prebuilt/windows/bin/../lib/gcc/arm-linux-androideabi/4.4.3\libgcc.a(bpabi.o)
 .debug_aranges
                0x00000160       0x20 C:/android-ndk-r7c/toolchains/arm-linux-androideabi-4.4.3/prebuilt/windows/bin/../lib/gcc/arm-linux-androideabi/4.4.3\libgcc.a(unwind-arm.o)
 .debug_aranges
                0x00000180       0x20 C:/android-ndk-r7c/toolchains/arm-linux-androideabi-4.4.3/prebuilt/windows/bin/../lib/gcc/arm-linux-androideabi/4.4.3\libgcc.a(libunwind.o)
 .debug_aranges
                0x000001a0       0x20 C:/android-ndk-r7c/toolchains/arm-linux-androideabi-4.4.3/prebuilt/windows/bin/../lib/gcc/arm-linux-androideabi/4.4.3\libgcc.a(pr-support.o)
 .debug_aranges
                0x000001c0       0x20 C:/android-ndk-r7c/toolchains/arm-linux-androideabi-4.4.3/prebuilt/windows/bin/../lib/gcc/arm-linux-androideabi/4.4.3\libgcc.a(_divdi3.o)
 .debug_aranges
                0x000001e0       0x20 C:/android-ndk-r7c/toolchains/arm-linux-androideabi-4.4.3/prebuilt/windows/bin/../lib/gcc/arm-linux-androideabi/4.4.3\libgcc.a(_udivdi3.o)
 .debug_aranges
                0x00000200       0x20 C:/android-ndk-r7c/toolchains/arm-linux-androideabi-4.4.3/prebuilt/windows/bin/../lib/gcc/arm-linux-androideabi/4.4.3\libgcc.a(_udivsi3.o)
 .debug_aranges
                0x00000220       0x20 C:/android-ndk-r7c/toolchains/arm-linux-androideabi-4.4.3/prebuilt/windows/bin/../lib/gcc/arm-linux-androideabi/4.4.3\libgcc.a(_dvmd_lnx.o)

.debug_pubnames
                0x00000000      0x54e
 *(.debug_pubnames)
 .debug_pubnames
                0x00000000      0x1dc debug\s3eAndroidAppirater_platform.os
 .debug_pubnames
                0x000001dc       0x7b debug\s3eAndroidAppirater.os
 .debug_pubnames
                0x00000257       0x45 debug\s3eAndroidAppirater_register.os
 .debug_pubnames
                0x0000029c       0x45 C:/android-ndk-r7c/toolchains/arm-linux-androideabi-4.4.3/prebuilt/windows/bin/../lib/gcc/arm-linux-androideabi/4.4.3\libgcc.a(bpabi.o)
 .debug_pubnames
                0x000002e1      0x177 C:/android-ndk-r7c/toolchains/arm-linux-androideabi-4.4.3/prebuilt/windows/bin/../lib/gcc/arm-linux-androideabi/4.4.3\libgcc.a(unwind-arm.o)
 .debug_pubnames
                0x00000458       0xb7 C:/android-ndk-r7c/toolchains/arm-linux-androideabi-4.4.3/prebuilt/windows/bin/../lib/gcc/arm-linux-androideabi/4.4.3\libgcc.a(pr-support.o)
 .debug_pubnames
                0x0000050f       0x1f C:/android-ndk-r7c/toolchains/arm-linux-androideabi-4.4.3/prebuilt/windows/bin/../lib/gcc/arm-linux-androideabi/4.4.3\libgcc.a(_divdi3.o)
 .debug_pubnames
                0x0000052e       0x20 C:/android-ndk-r7c/toolchains/arm-linux-androideabi-4.4.3/prebuilt/windows/bin/../lib/gcc/arm-linux-androideabi/4.4.3\libgcc.a(_udivdi3.o)

.debug_info     0x00000000     0x87c0
 *(.debug_info .gnu.linkonce.wi.*)
 .debug_info    0x00000000     0x5a85 debug\s3eAndroidAppirater_platform.os
 .debug_info    0x00005a85      0x14e debug\s3eAndroidAppirater.os
 .debug_info    0x00005bd3      0x1a0 debug\s3eAndroidAppirater_register.os
 .debug_info    0x00005d73       0xcd C:/android-ndk-r7c/toolchains/arm-linux-androideabi-4.4.3/prebuilt/windows/bin/../lib/gcc/arm-linux-androideabi/4.4.3\libgcc.a(_aeabi_ldivmod.o)
 .debug_info    0x00005e40       0xde C:/android-ndk-r7c/toolchains/arm-linux-androideabi-4.4.3/prebuilt/windows/bin/../lib/gcc/arm-linux-androideabi/4.4.3\libgcc.a(bpabi.o)
 .debug_info    0x00005f1e     0x1424 C:/android-ndk-r7c/toolchains/arm-linux-androideabi-4.4.3/prebuilt/windows/bin/../lib/gcc/arm-linux-androideabi/4.4.3\libgcc.a(unwind-arm.o)
 .debug_info    0x00007342       0xd1 C:/android-ndk-r7c/toolchains/arm-linux-androideabi-4.4.3/prebuilt/windows/bin/../lib/gcc/arm-linux-androideabi/4.4.3\libgcc.a(libunwind.o)
 .debug_info    0x00007413      0x636 C:/android-ndk-r7c/toolchains/arm-linux-androideabi-4.4.3/prebuilt/windows/bin/../lib/gcc/arm-linux-androideabi/4.4.3\libgcc.a(pr-support.o)
 .debug_info    0x00007a49      0x606 C:/android-ndk-r7c/toolchains/arm-linux-androideabi-4.4.3/prebuilt/windows/bin/../lib/gcc/arm-linux-androideabi/4.4.3\libgcc.a(_divdi3.o)
 .debug_info    0x0000804f      0x5cb C:/android-ndk-r7c/toolchains/arm-linux-androideabi-4.4.3/prebuilt/windows/bin/../lib/gcc/arm-linux-androideabi/4.4.3\libgcc.a(_udivdi3.o)
 .debug_info    0x0000861a       0xd3 C:/android-ndk-r7c/toolchains/arm-linux-androideabi-4.4.3/prebuilt/windows/bin/../lib/gcc/arm-linux-androideabi/4.4.3\libgcc.a(_udivsi3.o)
 .debug_info    0x000086ed       0xd3 C:/android-ndk-r7c/toolchains/arm-linux-androideabi-4.4.3/prebuilt/windows/bin/../lib/gcc/arm-linux-androideabi/4.4.3\libgcc.a(_dvmd_lnx.o)

.debug_abbrev   0x00000000      0xdb6
 *(.debug_abbrev)
 .debug_abbrev  0x00000000      0x25b debug\s3eAndroidAppirater_platform.os
 .debug_abbrev  0x0000025b       0xca debug\s3eAndroidAppirater.os
 .debug_abbrev  0x00000325      0x104 debug\s3eAndroidAppirater_register.os
 .debug_abbrev  0x00000429       0x14 C:/android-ndk-r7c/toolchains/arm-linux-androideabi-4.4.3/prebuilt/windows/bin/../lib/gcc/arm-linux-androideabi/4.4.3\libgcc.a(_aeabi_ldivmod.o)
 .debug_abbrev  0x0000043d       0x6a C:/android-ndk-r7c/toolchains/arm-linux-androideabi-4.4.3/prebuilt/windows/bin/../lib/gcc/arm-linux-androideabi/4.4.3\libgcc.a(bpabi.o)
 .debug_abbrev  0x000004a7      0x3bb C:/android-ndk-r7c/toolchains/arm-linux-androideabi-4.4.3/prebuilt/windows/bin/../lib/gcc/arm-linux-androideabi/4.4.3\libgcc.a(unwind-arm.o)
 .debug_abbrev  0x00000862       0x14 C:/android-ndk-r7c/toolchains/arm-linux-androideabi-4.4.3/prebuilt/windows/bin/../lib/gcc/arm-linux-androideabi/4.4.3\libgcc.a(libunwind.o)
 .debug_abbrev  0x00000876      0x220 C:/android-ndk-r7c/toolchains/arm-linux-androideabi-4.4.3/prebuilt/windows/bin/../lib/gcc/arm-linux-androideabi/4.4.3\libgcc.a(pr-support.o)
 .debug_abbrev  0x00000a96      0x18b C:/android-ndk-r7c/toolchains/arm-linux-androideabi-4.4.3/prebuilt/windows/bin/../lib/gcc/arm-linux-androideabi/4.4.3\libgcc.a(_divdi3.o)
 .debug_abbrev  0x00000c21      0x16d C:/android-ndk-r7c/toolchains/arm-linux-androideabi-4.4.3/prebuilt/windows/bin/../lib/gcc/arm-linux-androideabi/4.4.3\libgcc.a(_udivdi3.o)
 .debug_abbrev  0x00000d8e       0x14 C:/android-ndk-r7c/toolchains/arm-linux-androideabi-4.4.3/prebuilt/windows/bin/../lib/gcc/arm-linux-androideabi/4.4.3\libgcc.a(_udivsi3.o)
 .debug_abbrev  0x00000da2       0x14 C:/android-ndk-r7c/toolchains/arm-linux-androideabi-4.4.3/prebuilt/windows/bin/../lib/gcc/arm-linux-androideabi/4.4.3\libgcc.a(_dvmd_lnx.o)

.debug_line     0x00000000     0x10c6
 *(.debug_line)
 .debug_line    0x00000000      0x2e6 debug\s3eAndroidAppirater_platform.os
 .debug_line    0x000002e6       0xd8 debug\s3eAndroidAppirater.os
 .debug_line    0x000003be       0xf6 debug\s3eAndroidAppirater_register.os
 .debug_line    0x000004b4       0x81 C:/android-ndk-r7c/toolchains/arm-linux-androideabi-4.4.3/prebuilt/windows/bin/../lib/gcc/arm-linux-androideabi/4.4.3\libgcc.a(_aeabi_ldivmod.o)
 .debug_line    0x00000535       0x87 C:/android-ndk-r7c/toolchains/arm-linux-androideabi-4.4.3/prebuilt/windows/bin/../lib/gcc/arm-linux-androideabi/4.4.3\libgcc.a(bpabi.o)
 .debug_line    0x000005bc      0x4aa C:/android-ndk-r7c/toolchains/arm-linux-androideabi-4.4.3/prebuilt/windows/bin/../lib/gcc/arm-linux-androideabi/4.4.3\libgcc.a(unwind-arm.o)
 .debug_line    0x00000a66       0xcd C:/android-ndk-r7c/toolchains/arm-linux-androideabi-4.4.3/prebuilt/windows/bin/../lib/gcc/arm-linux-androideabi/4.4.3\libgcc.a(libunwind.o)
 .debug_line    0x00000b33      0x1aa C:/android-ndk-r7c/toolchains/arm-linux-androideabi-4.4.3/prebuilt/windows/bin/../lib/gcc/arm-linux-androideabi/4.4.3\libgcc.a(pr-support.o)
 .debug_line    0x00000cdd      0x165 C:/android-ndk-r7c/toolchains/arm-linux-androideabi-4.4.3/prebuilt/windows/bin/../lib/gcc/arm-linux-androideabi/4.4.3\libgcc.a(_divdi3.o)
 .debug_line    0x00000e42      0x155 C:/android-ndk-r7c/toolchains/arm-linux-androideabi-4.4.3/prebuilt/windows/bin/../lib/gcc/arm-linux-androideabi/4.4.3\libgcc.a(_udivdi3.o)
 .debug_line    0x00000f97       0xa8 C:/android-ndk-r7c/toolchains/arm-linux-androideabi-4.4.3/prebuilt/windows/bin/../lib/gcc/arm-linux-androideabi/4.4.3\libgcc.a(_udivsi3.o)
 .debug_line    0x0000103f       0x87 C:/android-ndk-r7c/toolchains/arm-linux-androideabi-4.4.3/prebuilt/windows/bin/../lib/gcc/arm-linux-androideabi/4.4.3\libgcc.a(_dvmd_lnx.o)

.debug_frame    0x00000000      0x78c
 *(.debug_frame)
 .debug_frame   0x00000000      0x228 debug\s3eAndroidAppirater_platform.os
 .debug_frame   0x00000228       0x80 debug\s3eAndroidAppirater.os
 .debug_frame   0x000002a8       0x80 debug\s3eAndroidAppirater_register.os
 .debug_frame   0x00000328       0x60 C:/android-ndk-r7c/toolchains/arm-linux-androideabi-4.4.3/prebuilt/windows/bin/../lib/gcc/arm-linux-androideabi/4.4.3\libgcc.a(bpabi.o)
 .debug_frame   0x00000388      0x248 C:/android-ndk-r7c/toolchains/arm-linux-androideabi-4.4.3/prebuilt/windows/bin/../lib/gcc/arm-linux-androideabi/4.4.3\libgcc.a(unwind-arm.o)
 .debug_frame   0x000005d0      0x108 C:/android-ndk-r7c/toolchains/arm-linux-androideabi-4.4.3/prebuilt/windows/bin/../lib/gcc/arm-linux-androideabi/4.4.3\libgcc.a(pr-support.o)
 .debug_frame   0x000006d8       0x44 C:/android-ndk-r7c/toolchains/arm-linux-androideabi-4.4.3/prebuilt/windows/bin/../lib/gcc/arm-linux-androideabi/4.4.3\libgcc.a(_divdi3.o)
 .debug_frame   0x0000071c       0x48 C:/android-ndk-r7c/toolchains/arm-linux-androideabi-4.4.3/prebuilt/windows/bin/../lib/gcc/arm-linux-androideabi/4.4.3\libgcc.a(_udivdi3.o)
 .debug_frame   0x00000764       0x28 C:/android-ndk-r7c/toolchains/arm-linux-androideabi-4.4.3/prebuilt/windows/bin/../lib/gcc/arm-linux-androideabi/4.4.3\libgcc.a(_udivsi3.o)

.debug_str      0x00000000     0x5501
 *(.debug_str)
 .debug_str     0x00000000     0x4872 debug\s3eAndroidAppirater_platform.os
                               0x4a03 (size before relaxing)
 .debug_str     0x00004872       0xcb debug\s3eAndroidAppirater.os
                                0x23a (size before relaxing)
 .debug_str     0x0000493d       0xda debug\s3eAndroidAppirater_register.os
                                0x240 (size before relaxing)
 .debug_str     0x00004a17       0x95 C:/android-ndk-r7c/toolchains/arm-linux-androideabi-4.4.3/prebuilt/windows/bin/../lib/gcc/arm-linux-androideabi/4.4.3\libgcc.a(bpabi.o)
                                 0xba (size before relaxing)
 .debug_str     0x00004aac      0x7f5 C:/android-ndk-r7c/toolchains/arm-linux-androideabi-4.4.3/prebuilt/windows/bin/../lib/gcc/arm-linux-androideabi/4.4.3\libgcc.a(unwind-arm.o)
                                0x8d0 (size before relaxing)
 .debug_str     0x000052a1      0x119 C:/android-ndk-r7c/toolchains/arm-linux-androideabi-4.4.3/prebuilt/windows/bin/../lib/gcc/arm-linux-androideabi/4.4.3\libgcc.a(pr-support.o)
                                0x436 (size before relaxing)
 .debug_str     0x000053ba      0x13d C:/android-ndk-r7c/toolchains/arm-linux-androideabi-4.4.3/prebuilt/windows/bin/../lib/gcc/arm-linux-androideabi/4.4.3\libgcc.a(_divdi3.o)
                                0x1ed (size before relaxing)
 .debug_str     0x000054f7        0xa C:/android-ndk-r7c/toolchains/arm-linux-androideabi-4.4.3/prebuilt/windows/bin/../lib/gcc/arm-linux-androideabi/4.4.3\libgcc.a(_udivdi3.o)
                                0x1ee (size before relaxing)

.debug_loc      0x00000000     0x2561
 *(.debug_loc)
 .debug_loc     0x00000000      0x330 debug\s3eAndroidAppirater_platform.os
 .debug_loc     0x00000330       0x8c debug\s3eAndroidAppirater.os
 .debug_loc     0x000003bc       0x98 debug\s3eAndroidAppirater_register.os
 .debug_loc     0x00000454      0x120 C:/android-ndk-r7c/toolchains/arm-linux-androideabi-4.4.3/prebuilt/windows/bin/../lib/gcc/arm-linux-androideabi/4.4.3\libgcc.a(bpabi.o)
 .debug_loc     0x00000574      0xfef C:/android-ndk-r7c/toolchains/arm-linux-androideabi-4.4.3/prebuilt/windows/bin/../lib/gcc/arm-linux-androideabi/4.4.3\libgcc.a(unwind-arm.o)
 .debug_loc     0x00001563      0x2f9 C:/android-ndk-r7c/toolchains/arm-linux-androideabi-4.4.3/prebuilt/windows/bin/../lib/gcc/arm-linux-androideabi/4.4.3\libgcc.a(pr-support.o)
 .debug_loc     0x0000185c      0x6cf C:/android-ndk-r7c/toolchains/arm-linux-androideabi-4.4.3/prebuilt/windows/bin/../lib/gcc/arm-linux-androideabi/4.4.3\libgcc.a(_divdi3.o)
 .debug_loc     0x00001f2b      0x636 C:/android-ndk-r7c/toolchains/arm-linux-androideabi-4.4.3/prebuilt/windows/bin/../lib/gcc/arm-linux-androideabi/4.4.3\libgcc.a(_udivdi3.o)

.debug_macinfo
 *(.debug_macinfo)

.debug_weaknames
 *(.debug_weaknames)

.debug_funcnames
 *(.debug_funcnames)

.debug_typenames
 *(.debug_typenames)

.debug_varnames
 *(.debug_varnames)

.debug_pubtypes
 *(.debug_pubtypes)

.debug_ranges   0x00000000      0x440
 *(.debug_ranges)
 .debug_ranges  0x00000000       0xa0 debug\s3eAndroidAppirater_platform.os
 .debug_ranges  0x000000a0       0x28 debug\s3eAndroidAppirater.os
 .debug_ranges  0x000000c8       0x28 debug\s3eAndroidAppirater_register.os
 .debug_ranges  0x000000f0      0x1f8 C:/android-ndk-r7c/toolchains/arm-linux-androideabi-4.4.3/prebuilt/windows/bin/../lib/gcc/arm-linux-androideabi/4.4.3\libgcc.a(unwind-arm.o)
 .debug_ranges  0x000002e8       0x30 C:/android-ndk-r7c/toolchains/arm-linux-androideabi-4.4.3/prebuilt/windows/bin/../lib/gcc/arm-linux-androideabi/4.4.3\libgcc.a(pr-support.o)
 .debug_ranges  0x00000318       0xa0 C:/android-ndk-r7c/toolchains/arm-linux-androideabi-4.4.3/prebuilt/windows/bin/../lib/gcc/arm-linux-androideabi/4.4.3\libgcc.a(_divdi3.o)
 .debug_ranges  0x000003b8       0x88 C:/android-ndk-r7c/toolchains/arm-linux-androideabi-4.4.3/prebuilt/windows/bin/../lib/gcc/arm-linux-androideabi/4.4.3\libgcc.a(_udivdi3.o)

.gnu.attributes
 *(.gnu.attributes)

.note.gnu.arm.ident
 *(.note.gnu.arm.ident)

/DISCARD/
 *(.note.GNU-stack)
 *(.gnu_debuglink)
OUTPUT(C:\marmalade\6.0\extensions\s3eandroidappirater\lib\android\libs3eAndroidAppirater_d.so elf32-littlearm)

.ARM.attributes
                0x00000000       0x2b
 .ARM.attributes
                0x00000000       0x28 debug\s3eAndroidAppirater_platform.os
 .ARM.attributes
                0x00000028       0x28 debug\s3eAndroidAppirater.os
 .ARM.attributes
                0x00000050       0x28 debug\s3eAndroidAppirater_register.os
 .ARM.attributes
                0x00000078       0x2c C:\marmalade\6.0\s3e\edk\lib\android\libedk.a(IwDebug.o)
 .ARM.attributes
                0x000000a4       0x2c C:\marmalade\6.0\s3e\edk\lib\android\libedk.a(edk_helpers.o)
 .ARM.attributes
                0x000000d0       0x19 C:/android-ndk-r7c/toolchains/arm-linux-androideabi-4.4.3/prebuilt/windows/bin/../lib/gcc/arm-linux-androideabi/4.4.3\libgcc.a(_aeabi_ldivmod.o)
 .ARM.attributes
                0x000000e9       0x29 C:/android-ndk-r7c/toolchains/arm-linux-androideabi-4.4.3/prebuilt/windows/bin/../lib/gcc/arm-linux-androideabi/4.4.3\libgcc.a(bpabi.o)
 .ARM.attributes
                0x00000112       0x29 C:/android-ndk-r7c/toolchains/arm-linux-androideabi-4.4.3/prebuilt/windows/bin/../lib/gcc/arm-linux-androideabi/4.4.3\libgcc.a(unwind-arm.o)
 .ARM.attributes
                0x0000013b       0x19 C:/android-ndk-r7c/toolchains/arm-linux-androideabi-4.4.3/prebuilt/windows/bin/../lib/gcc/arm-linux-androideabi/4.4.3\libgcc.a(libunwind.o)
 .ARM.attributes
                0x00000154       0x29 C:/android-ndk-r7c/toolchains/arm-linux-androideabi-4.4.3/prebuilt/windows/bin/../lib/gcc/arm-linux-androideabi/4.4.3\libgcc.a(pr-support.o)
 .ARM.attributes
                0x0000017d       0x29 C:/android-ndk-r7c/toolchains/arm-linux-androideabi-4.4.3/prebuilt/windows/bin/../lib/gcc/arm-linux-androideabi/4.4.3\libgcc.a(_divdi3.o)
 .ARM.attributes
                0x000001a6       0x29 C:/android-ndk-r7c/toolchains/arm-linux-androideabi-4.4.3/prebuilt/windows/bin/../lib/gcc/arm-linux-androideabi/4.4.3\libgcc.a(_udivdi3.o)
 .ARM.attributes
                0x000001cf       0x19 C:/android-ndk-r7c/toolchains/arm-linux-androideabi-4.4.3/prebuilt/windows/bin/../lib/gcc/arm-linux-androideabi/4.4.3\libgcc.a(_udivsi3.o)
 .ARM.attributes
                0x000001e8       0x19 C:/android-ndk-r7c/toolchains/arm-linux-androideabi-4.4.3/prebuilt/windows/bin/../lib/gcc/arm-linux-androideabi/4.4.3\libgcc.a(_dvmd_lnx.o)
